CRITICAL - 2026-07-22 09:53:05 --> Call to a member function protect() on null
#0 /home/merk2228/public_html/system/CodeIgniter.php(802): App\Controllers\Cron->providers()
#1 /home/merk2228/public_html/system/CodeIgniter.php(399): CodeIgniter\CodeIgniter->runController(Object(App\Controllers\Cron))
#2 /home/merk2228/public_html/system/CodeIgniter.php(317): CodeIgniter\CodeIgniter->handleRequest(NULL, Object(Config\Cache), false)
#3 /home/merk2228/public_html/index.php(0): CodeIgniter\CodeIgniter->run()
#4 {main}
CRITICAL - 2026-07-22 10:00:21 --> Call to a member function protect() on null
#0 /home/merk2228/public_html/system/CodeIgniter.php(802): App\Controllers\Cron->providers()
#1 /home/merk2228/public_html/system/CodeIgniter.php(399): CodeIgniter\CodeIgniter->runController(Object(App\Controllers\Cron))
#2 /home/merk2228/public_html/system/CodeIgniter.php(317): CodeIgniter\CodeIgniter->handleRequest(NULL, Object(Config\Cache), false)
#3 /home/merk2228/public_html/index.php(0): CodeIgniter\CodeIgniter->run()
#4 {main}
CRITICAL - 2026-07-22 11:53:08 --> Call to a member function protect() on null
#0 /home/merk2228/public_html/system/CodeIgniter.php(802): App\Controllers\Cron->providers()
#1 /home/merk2228/public_html/system/CodeIgniter.php(399): CodeIgniter\CodeIgniter->runController(Object(App\Controllers\Cron))
#2 /home/merk2228/public_html/system/CodeIgniter.php(317): CodeIgniter\CodeIgniter->handleRequest(NULL, Object(Config\Cache), false)
#3 /home/merk2228/public_html/index.php(0): CodeIgniter\CodeIgniter->run()
#4 {main}
CRITICAL - 2026-07-22 12:00:19 --> Call to a member function protect() on null
#0 /home/merk2228/public_html/system/CodeIgniter.php(802): App\Controllers\Cron->providers()
#1 /home/merk2228/public_html/system/CodeIgniter.php(399): CodeIgniter\CodeIgniter->runController(Object(App\Controllers\Cron))
#2 /home/merk2228/public_html/system/CodeIgniter.php(317): CodeIgniter\CodeIgniter->handleRequest(NULL, Object(Config\Cache), false)
#3 /home/merk2228/public_html/index.php(0): CodeIgniter\CodeIgniter->run()
#4 {main}
CRITICAL - 2026-07-22 13:00:40 --> SQLSTATE[HY000]: General error: 2006 MySQL server has gone away
#0 /home/merk2228/public_html/app/Controllers/Cron.php(756): PDOStatement->execute(Array)
#1 /home/merk2228/public_html/system/CodeIgniter.php(802): App\Controllers\Cron->dripfeed()
#2 /home/merk2228/public_html/system/CodeIgniter.php(399): CodeIgniter\CodeIgniter->runController(Object(App\Controllers\Cron))
#3 /home/merk2228/public_html/system/CodeIgniter.php(317): CodeIgniter\CodeIgniter->handleRequest(NULL, Object(Config\Cache), false)
#4 /home/merk2228/public_html/index.php(0): CodeIgniter\CodeIgniter->run()
#5 {main}
CRITICAL - 2026-07-22 13:00:43 --> SQLSTATE[HY000]: General error: 2006 MySQL server has gone away
#0 /home/merk2228/public_html/app/Controllers/Cron.php(1137): PDOStatement->execute(Array)
#1 /home/merk2228/public_html/system/CodeIgniter.php(802): App\Controllers\Cron->sync()
#2 /home/merk2228/public_html/system/CodeIgniter.php(399): CodeIgniter\CodeIgniter->runController(Object(App\Controllers\Cron))
#3 /home/merk2228/public_html/system/CodeIgniter.php(317): CodeIgniter\CodeIgniter->handleRequest(NULL, Object(Config\Cache), false)
#4 /home/merk2228/public_html/index.php(0): CodeIgniter\CodeIgniter->run()
#5 {main}
CRITICAL - 2026-07-22 13:53:22 --> Invalid argument supplied for foreach()
#0 /home/merk2228/public_html/app/Controllers/Cron.php(951): CodeIgniter\Debug\Exceptions->errorHandler(2, 'Invalid argumen...', '/home/merk2228/...', 951, Array)
#1 /home/merk2228/public_html/system/CodeIgniter.php(802): App\Controllers\Cron->providers()
#2 /home/merk2228/public_html/system/CodeIgniter.php(399): CodeIgniter\CodeIgniter->runController(Object(App\Controllers\Cron))
#3 /home/merk2228/public_html/system/CodeIgniter.php(317): CodeIgniter\CodeIgniter->handleRequest(NULL, Object(Config\Cache), false)
#4 /home/merk2228/public_html/index.php(0): CodeIgniter\CodeIgniter->run()
#5 {main}
CRITICAL - 2026-07-22 16:00:26 --> Invalid argument supplied for foreach()
#0 /home/merk2228/public_html/app/Controllers/Cron.php(1122): CodeIgniter\Debug\Exceptions->errorHandler(2, 'Invalid argumen...', '/home/merk2228/...', 1122, Array)
#1 /home/merk2228/public_html/system/CodeIgniter.php(802): App\Controllers\Cron->sync()
#2 /home/merk2228/public_html/system/CodeIgniter.php(399): CodeIgniter\CodeIgniter->runController(Object(App\Controllers\Cron))
#3 /home/merk2228/public_html/system/CodeIgniter.php(317): CodeIgniter\CodeIgniter->handleRequest(NULL, Object(Config\Cache), false)
#4 /home/merk2228/public_html/index.php(0): CodeIgniter\CodeIgniter->run()
#5 {main}
CRITICAL - 2026-07-22 16:00:26 --> Invalid argument supplied for foreach()
#0 /home/merk2228/public_html/app/Controllers/Cron.php(951): CodeIgniter\Debug\Exceptions->errorHandler(2, 'Invalid argumen...', '/home/merk2228/...', 951, Array)
#1 /home/merk2228/public_html/system/CodeIgniter.php(802): App\Controllers\Cron->providers()
#2 /home/merk2228/public_html/system/CodeIgniter.php(399): CodeIgniter\CodeIgniter->runController(Object(App\Controllers\Cron))
#3 /home/merk2228/public_html/system/CodeIgniter.php(317): CodeIgniter\CodeIgniter->handleRequest(NULL, Object(Config\Cache), false)
#4 /home/merk2228/public_html/index.php(0): CodeIgniter\CodeIgniter->run()
#5 {main}
CRITICAL - 2026-07-22 17:00:31 --> Invalid argument supplied for foreach()
#0 /home/merk2228/public_html/app/Controllers/Cron.php(1122): CodeIgniter\Debug\Exceptions->errorHandler(2, 'Invalid argumen...', '/home/merk2228/...', 1122, Array)
#1 /home/merk2228/public_html/system/CodeIgniter.php(802): App\Controllers\Cron->sync()
#2 /home/merk2228/public_html/system/CodeIgniter.php(399): CodeIgniter\CodeIgniter->runController(Object(App\Controllers\Cron))
#3 /home/merk2228/public_html/system/CodeIgniter.php(317): CodeIgniter\CodeIgniter->handleRequest(NULL, Object(Config\Cache), false)
#4 /home/merk2228/public_html/index.php(0): CodeIgniter\CodeIgniter->run()
#5 {main}
CRITICAL - 2026-07-22 17:00:31 --> Invalid argument supplied for foreach()
#0 /home/merk2228/public_html/app/Controllers/Cron.php(951): CodeIgniter\Debug\Exceptions->errorHandler(2, 'Invalid argumen...', '/home/merk2228/...', 951, Array)
#1 /home/merk2228/public_html/system/CodeIgniter.php(802): App\Controllers\Cron->providers()
#2 /home/merk2228/public_html/system/CodeIgniter.php(399): CodeIgniter\CodeIgniter->runController(Object(App\Controllers\Cron))
#3 /home/merk2228/public_html/system/CodeIgniter.php(317): CodeIgniter\CodeIgniter->handleRequest(NULL, Object(Config\Cache), false)
#4 /home/merk2228/public_html/index.php(0): CodeIgniter\CodeIgniter->run()
#5 {main}
CRITICAL - 2026-07-22 17:53:05 --> Call to a member function protect() on null
#0 /home/merk2228/public_html/system/CodeIgniter.php(802): App\Controllers\Cron->providers()
#1 /home/merk2228/public_html/system/CodeIgniter.php(399): CodeIgniter\CodeIgniter->runController(Object(App\Controllers\Cron))
#2 /home/merk2228/public_html/system/CodeIgniter.php(317): CodeIgniter\CodeIgniter->handleRequest(NULL, Object(Config\Cache), false)
#3 /home/merk2228/public_html/index.php(0): CodeIgniter\CodeIgniter->run()
#4 {main}
CRITICAL - 2026-07-22 18:00:17 --> Call to a member function protect() on null
#0 /home/merk2228/public_html/system/CodeIgniter.php(802): App\Controllers\Cron->providers()
#1 /home/merk2228/public_html/system/CodeIgniter.php(399): CodeIgniter\CodeIgniter->runController(Object(App\Controllers\Cron))
#2 /home/merk2228/public_html/system/CodeIgniter.php(317): CodeIgniter\CodeIgniter->handleRequest(NULL, Object(Config\Cache), false)
#3 /home/merk2228/public_html/index.php(0): CodeIgniter\CodeIgniter->run()
#4 {main}
