CRITICAL - 2026-06-13 13:45:48 --> SQLSTATE[HY000]: General error: 2006 MySQL server has gone away
#0 /home/merk2228/public_html/app/Controllers/Cron.php(451): PDOStatement->execute(Array)
#1 /home/merk2228/public_html/system/CodeIgniter.php(802): App\Controllers\Cron->send_tasks()
#2 /home/merk2228/public_html/system/CodeIgniter.php(399): CodeIgniter\CodeIgniter->runController(Object(App\Controllers\Cron))
#3 /home/merk2228/public_html/system/CodeIgniter.php(317): CodeIgniter\CodeIgniter->handleRequest(NULL, Object(Config\Cache), false)
#4 /home/merk2228/public_html/index.php(0): CodeIgniter\CodeIgniter->run()
#5 {main}
ERROR - 2026-06-13 13:57:19 --> MySQL server has gone away
CRITICAL - 2026-06-13 14:00:45 --> SQLSTATE[HY000]: General error: 2006 MySQL server has gone away
#0 /home/merk2228/public_html/app/Controllers/Cron.php(73): PDOStatement->execute(Array)
#1 /home/merk2228/public_html/system/CodeIgniter.php(802): App\Controllers\Cron->api_orders()
#2 /home/merk2228/public_html/system/CodeIgniter.php(399): CodeIgniter\CodeIgniter->runController(Object(App\Controllers\Cron))
#3 /home/merk2228/public_html/system/CodeIgniter.php(317): CodeIgniter\CodeIgniter->handleRequest(NULL, Object(Config\Cache), false)
#4 /home/merk2228/public_html/index.php(0): CodeIgniter\CodeIgniter->run()
#5 {main}
CRITICAL - 2026-06-13 14:01:00 --> SQLSTATE[HY000]: General error: 2006 MySQL server has gone away
#0 /home/merk2228/public_html/app/Controllers/Cron.php(499): PDOStatement->execute(Array)
#1 /home/merk2228/public_html/system/CodeIgniter.php(802): App\Controllers\Cron->run()
#2 /home/merk2228/public_html/system/CodeIgniter.php(399): CodeIgniter\CodeIgniter->runController(Object(App\Controllers\Cron))
#3 /home/merk2228/public_html/system/CodeIgniter.php(317): CodeIgniter\CodeIgniter->handleRequest(NULL, Object(Config\Cache), false)
#4 /home/merk2228/public_html/index.php(0): CodeIgniter\CodeIgniter->run()
#5 {main}
CRITICAL - 2026-06-13 14:01:03 --> SQLSTATE[HY000]: General error: 2006 MySQL server has gone away
#0 /home/merk2228/public_html/app/Controllers/Cron.php(1137): PDOStatement->execute(Array)
#1 /home/merk2228/public_html/system/CodeIgniter.php(802): App\Controllers\Cron->sync()
#2 /home/merk2228/public_html/system/CodeIgniter.php(399): CodeIgniter\CodeIgniter->runController(Object(App\Controllers\Cron))
#3 /home/merk2228/public_html/system/CodeIgniter.php(317): CodeIgniter\CodeIgniter->handleRequest(NULL, Object(Config\Cache), false)
#4 /home/merk2228/public_html/index.php(0): CodeIgniter\CodeIgniter->run()
#5 {main}
CRITICAL - 2026-06-13 14:15:40 --> SQLSTATE[HY000]: General error: 2006 MySQL server has gone away
#0 /home/merk2228/public_html/app/Controllers/Cron.php(243): PDOStatement->execute(Array)
#1 /home/merk2228/public_html/system/CodeIgniter.php(802): App\Controllers\Cron->site_orders()
#2 /home/merk2228/public_html/system/CodeIgniter.php(399): CodeIgniter\CodeIgniter->runController(Object(App\Controllers\Cron))
#3 /home/merk2228/public_html/system/CodeIgniter.php(317): CodeIgniter\CodeIgniter->handleRequest(NULL, Object(Config\Cache), false)
#4 /home/merk2228/public_html/index.php(0): CodeIgniter\CodeIgniter->run()
#5 {main}
CRITICAL - 2026-06-13 14:15:47 --> SQLSTATE[HY000]: General error: 2006 MySQL server has gone away
#0 /home/merk2228/public_html/app/Controllers/Cron.php(756): PDOStatement->execute(Array)
#1 /home/merk2228/public_html/system/CodeIgniter.php(802): App\Controllers\Cron->dripfeed()
#2 /home/merk2228/public_html/system/CodeIgniter.php(399): CodeIgniter\CodeIgniter->runController(Object(App\Controllers\Cron))
#3 /home/merk2228/public_html/system/CodeIgniter.php(317): CodeIgniter\CodeIgniter->handleRequest(NULL, Object(Config\Cache), false)
#4 /home/merk2228/public_html/index.php(0): CodeIgniter\CodeIgniter->run()
#5 {main}
CRITICAL - 2026-06-13 14:16:36 --> SQLSTATE[HY000]: General error: 2006 MySQL server has gone away
#0 /home/merk2228/public_html/app/Controllers/Cron.php(73): PDOStatement->execute(Array)
#1 /home/merk2228/public_html/system/CodeIgniter.php(802): App\Controllers\Cron->api_orders()
#2 /home/merk2228/public_html/system/CodeIgniter.php(399): CodeIgniter\CodeIgniter->runController(Object(App\Controllers\Cron))
#3 /home/merk2228/public_html/system/CodeIgniter.php(317): CodeIgniter\CodeIgniter->handleRequest(NULL, Object(Config\Cache), false)
#4 /home/merk2228/public_html/index.php(0): CodeIgniter\CodeIgniter->run()
#5 {main}
