CRITICAL - 2026-03-17 00:00:02 --> Invalid argument supplied for foreach()
#0 /home/merk2228/public_html/app/Controllers/Cron.php(1049): CodeIgniter\Debug\Exceptions->errorHandler(2, 'Invalid argumen...', '/home/merk2228/...', 1049, Array)
#1 /home/merk2228/public_html/system/CodeIgniter.php(802): App\Controllers\Cron->providers()
#2 /home/merk2228/public_html/system/CodeIgniter.php(399): CodeIgniter\CodeIgniter->runController(Object(App\Controllers\Cron))
#3 /home/merk2228/public_html/system/CodeIgniter.php(317): CodeIgniter\CodeIgniter->handleRequest(NULL, Object(Config\Cache), false)
#4 /home/merk2228/public_html/index.php(0): CodeIgniter\CodeIgniter->run()
#5 {main}
CRITICAL - 2026-03-17 00:34:16 --> include(/home/merk2228/public_html/app/ThirdParty/controller/index.php.php): failed to open stream: No such file or directory
#0 /home/merk2228/public_html/app/Controllers/main/Home.php(475): CodeIgniter\Debug\Exceptions->errorHandler(2, 'include(/home/m...', '/home/merk2228/...', 475, Array)
#1 /home/merk2228/public_html/app/Controllers/main/Home.php(475): include()
#2 /home/merk2228/public_html/system/CodeIgniter.php(802): App\Controllers\main\Home->index()
#3 /home/merk2228/public_html/system/CodeIgniter.php(399): CodeIgniter\CodeIgniter->runController(Object(App\Controllers\main\Home))
#4 /home/merk2228/public_html/system/CodeIgniter.php(317): CodeIgniter\CodeIgniter->handleRequest(NULL, Object(Config\Cache), false)
#5 /home/merk2228/public_html/index.php(0): CodeIgniter\CodeIgniter->run()
#6 {main}
CRITICAL - 2026-03-17 00:53:01 --> Invalid argument supplied for foreach()
#0 /home/merk2228/public_html/app/Controllers/Cron.php(1049): CodeIgniter\Debug\Exceptions->errorHandler(2, 'Invalid argumen...', '/home/merk2228/...', 1049, Array)
#1 /home/merk2228/public_html/system/CodeIgniter.php(802): App\Controllers\Cron->providers()
#2 /home/merk2228/public_html/system/CodeIgniter.php(399): CodeIgniter\CodeIgniter->runController(Object(App\Controllers\Cron))
#3 /home/merk2228/public_html/system/CodeIgniter.php(317): CodeIgniter\CodeIgniter->handleRequest(NULL, Object(Config\Cache), false)
#4 /home/merk2228/public_html/index.php(0): CodeIgniter\CodeIgniter->run()
#5 {main}
CRITICAL - 2026-03-17 01:00:02 --> Invalid argument supplied for foreach()
#0 /home/merk2228/public_html/app/Controllers/Cron.php(1049): CodeIgniter\Debug\Exceptions->errorHandler(2, 'Invalid argumen...', '/home/merk2228/...', 1049, Array)
#1 /home/merk2228/public_html/system/CodeIgniter.php(802): App\Controllers\Cron->providers()
#2 /home/merk2228/public_html/system/CodeIgniter.php(399): CodeIgniter\CodeIgniter->runController(Object(App\Controllers\Cron))
#3 /home/merk2228/public_html/system/CodeIgniter.php(317): CodeIgniter\CodeIgniter->handleRequest(NULL, Object(Config\Cache), false)
#4 /home/merk2228/public_html/index.php(0): CodeIgniter\CodeIgniter->run()
#5 {main}
CRITICAL - 2026-03-17 01:20:27 --> include(/home/merk2228/public_html/app/ThirdParty/controller/index.php.php): failed to open stream: No such file or directory
#0 /home/merk2228/public_html/app/Controllers/main/Home.php(475): CodeIgniter\Debug\Exceptions->errorHandler(2, 'include(/home/m...', '/home/merk2228/...', 475, Array)
#1 /home/merk2228/public_html/app/Controllers/main/Home.php(475): include()
#2 /home/merk2228/public_html/system/CodeIgniter.php(802): App\Controllers\main\Home->index()
#3 /home/merk2228/public_html/system/CodeIgniter.php(399): CodeIgniter\CodeIgniter->runController(Object(App\Controllers\main\Home))
#4 /home/merk2228/public_html/system/CodeIgniter.php(317): CodeIgniter\CodeIgniter->handleRequest(NULL, Object(Config\Cache), false)
#5 /home/merk2228/public_html/index.php(0): CodeIgniter\CodeIgniter->run()
#6 {main}
CRITICAL - 2026-03-17 01:53:01 --> Invalid argument supplied for foreach()
#0 /home/merk2228/public_html/app/Controllers/Cron.php(1049): CodeIgniter\Debug\Exceptions->errorHandler(2, 'Invalid argumen...', '/home/merk2228/...', 1049, Array)
#1 /home/merk2228/public_html/system/CodeIgniter.php(802): App\Controllers\Cron->providers()
#2 /home/merk2228/public_html/system/CodeIgniter.php(399): CodeIgniter\CodeIgniter->runController(Object(App\Controllers\Cron))
#3 /home/merk2228/public_html/system/CodeIgniter.php(317): CodeIgniter\CodeIgniter->handleRequest(NULL, Object(Config\Cache), false)
#4 /home/merk2228/public_html/index.php(0): CodeIgniter\CodeIgniter->run()
#5 {main}
CRITICAL - 2026-03-17 02:00:01 --> Invalid argument supplied for foreach()
#0 /home/merk2228/public_html/app/Controllers/Cron.php(1049): CodeIgniter\Debug\Exceptions->errorHandler(2, 'Invalid argumen...', '/home/merk2228/...', 1049, Array)
#1 /home/merk2228/public_html/system/CodeIgniter.php(802): App\Controllers\Cron->providers()
#2 /home/merk2228/public_html/system/CodeIgniter.php(399): CodeIgniter\CodeIgniter->runController(Object(App\Controllers\Cron))
#3 /home/merk2228/public_html/system/CodeIgniter.php(317): CodeIgniter\CodeIgniter->handleRequest(NULL, Object(Config\Cache), false)
#4 /home/merk2228/public_html/index.php(0): CodeIgniter\CodeIgniter->run()
#5 {main}
CRITICAL - 2026-03-17 02:53:01 --> Invalid argument supplied for foreach()
#0 /home/merk2228/public_html/app/Controllers/Cron.php(1049): CodeIgniter\Debug\Exceptions->errorHandler(2, 'Invalid argumen...', '/home/merk2228/...', 1049, Array)
#1 /home/merk2228/public_html/system/CodeIgniter.php(802): App\Controllers\Cron->providers()
#2 /home/merk2228/public_html/system/CodeIgniter.php(399): CodeIgniter\CodeIgniter->runController(Object(App\Controllers\Cron))
#3 /home/merk2228/public_html/system/CodeIgniter.php(317): CodeIgniter\CodeIgniter->handleRequest(NULL, Object(Config\Cache), false)
#4 /home/merk2228/public_html/index.php(0): CodeIgniter\CodeIgniter->run()
#5 {main}
CRITICAL - 2026-03-17 03:00:03 --> Invalid argument supplied for foreach()
#0 /home/merk2228/public_html/app/Controllers/Cron.php(1049): CodeIgniter\Debug\Exceptions->errorHandler(2, 'Invalid argumen...', '/home/merk2228/...', 1049, Array)
#1 /home/merk2228/public_html/system/CodeIgniter.php(802): App\Controllers\Cron->providers()
#2 /home/merk2228/public_html/system/CodeIgniter.php(399): CodeIgniter\CodeIgniter->runController(Object(App\Controllers\Cron))
#3 /home/merk2228/public_html/system/CodeIgniter.php(317): CodeIgniter\CodeIgniter->handleRequest(NULL, Object(Config\Cache), false)
#4 /home/merk2228/public_html/index.php(0): CodeIgniter\CodeIgniter->run()
#5 {main}
CRITICAL - 2026-03-17 03:18:00 --> include(/home/merk2228/public_html/app/ThirdParty/controller/index.php.php): failed to open stream: No such file or directory
#0 /home/merk2228/public_html/app/Controllers/main/Home.php(475): CodeIgniter\Debug\Exceptions->errorHandler(2, 'include(/home/m...', '/home/merk2228/...', 475, Array)
#1 /home/merk2228/public_html/app/Controllers/main/Home.php(475): include()
#2 /home/merk2228/public_html/system/CodeIgniter.php(802): App\Controllers\main\Home->index()
#3 /home/merk2228/public_html/system/CodeIgniter.php(399): CodeIgniter\CodeIgniter->runController(Object(App\Controllers\main\Home))
#4 /home/merk2228/public_html/system/CodeIgniter.php(317): CodeIgniter\CodeIgniter->handleRequest(NULL, Object(Config\Cache), false)
#5 /home/merk2228/public_html/index.php(0): CodeIgniter\CodeIgniter->run()
#6 {main}
CRITICAL - 2026-03-17 03:53:02 --> Invalid argument supplied for foreach()
#0 /home/merk2228/public_html/app/Controllers/Cron.php(1049): CodeIgniter\Debug\Exceptions->errorHandler(2, 'Invalid argumen...', '/home/merk2228/...', 1049, Array)
#1 /home/merk2228/public_html/system/CodeIgniter.php(802): App\Controllers\Cron->providers()
#2 /home/merk2228/public_html/system/CodeIgniter.php(399): CodeIgniter\CodeIgniter->runController(Object(App\Controllers\Cron))
#3 /home/merk2228/public_html/system/CodeIgniter.php(317): CodeIgniter\CodeIgniter->handleRequest(NULL, Object(Config\Cache), false)
#4 /home/merk2228/public_html/index.php(0): CodeIgniter\CodeIgniter->run()
#5 {main}
CRITICAL - 2026-03-17 03:53:04 --> include(/home/merk2228/public_html/app/ThirdParty/controller/index.php.php): failed to open stream: No such file or directory
#0 /home/merk2228/public_html/app/Controllers/main/Home.php(475): CodeIgniter\Debug\Exceptions->errorHandler(2, 'include(/home/m...', '/home/merk2228/...', 475, Array)
#1 /home/merk2228/public_html/app/Controllers/main/Home.php(475): include()
#2 /home/merk2228/public_html/system/CodeIgniter.php(802): App\Controllers\main\Home->index()
#3 /home/merk2228/public_html/system/CodeIgniter.php(399): CodeIgniter\CodeIgniter->runController(Object(App\Controllers\main\Home))
#4 /home/merk2228/public_html/system/CodeIgniter.php(317): CodeIgniter\CodeIgniter->handleRequest(NULL, Object(Config\Cache), false)
#5 /home/merk2228/public_html/index.php(0): CodeIgniter\CodeIgniter->run()
#6 {main}
CRITICAL - 2026-03-17 04:00:01 --> Invalid argument supplied for foreach()
#0 /home/merk2228/public_html/app/Controllers/Cron.php(1049): CodeIgniter\Debug\Exceptions->errorHandler(2, 'Invalid argumen...', '/home/merk2228/...', 1049, Array)
#1 /home/merk2228/public_html/system/CodeIgniter.php(802): App\Controllers\Cron->providers()
#2 /home/merk2228/public_html/system/CodeIgniter.php(399): CodeIgniter\CodeIgniter->runController(Object(App\Controllers\Cron))
#3 /home/merk2228/public_html/system/CodeIgniter.php(317): CodeIgniter\CodeIgniter->handleRequest(NULL, Object(Config\Cache), false)
#4 /home/merk2228/public_html/index.php(0): CodeIgniter\CodeIgniter->run()
#5 {main}
CRITICAL - 2026-03-17 04:53:01 --> Invalid argument supplied for foreach()
#0 /home/merk2228/public_html/app/Controllers/Cron.php(1049): CodeIgniter\Debug\Exceptions->errorHandler(2, 'Invalid argumen...', '/home/merk2228/...', 1049, Array)
#1 /home/merk2228/public_html/system/CodeIgniter.php(802): App\Controllers\Cron->providers()
#2 /home/merk2228/public_html/system/CodeIgniter.php(399): CodeIgniter\CodeIgniter->runController(Object(App\Controllers\Cron))
#3 /home/merk2228/public_html/system/CodeIgniter.php(317): CodeIgniter\CodeIgniter->handleRequest(NULL, Object(Config\Cache), false)
#4 /home/merk2228/public_html/index.php(0): CodeIgniter\CodeIgniter->run()
#5 {main}
CRITICAL - 2026-03-17 05:00:02 --> Invalid argument supplied for foreach()
#0 /home/merk2228/public_html/app/Controllers/Cron.php(1049): CodeIgniter\Debug\Exceptions->errorHandler(2, 'Invalid argumen...', '/home/merk2228/...', 1049, Array)
#1 /home/merk2228/public_html/system/CodeIgniter.php(802): App\Controllers\Cron->providers()
#2 /home/merk2228/public_html/system/CodeIgniter.php(399): CodeIgniter\CodeIgniter->runController(Object(App\Controllers\Cron))
#3 /home/merk2228/public_html/system/CodeIgniter.php(317): CodeIgniter\CodeIgniter->handleRequest(NULL, Object(Config\Cache), false)
#4 /home/merk2228/public_html/index.php(0): CodeIgniter\CodeIgniter->run()
#5 {main}
CRITICAL - 2026-03-17 05:09:01 --> include(/home/merk2228/public_html/app/ThirdParty/controller/index.php.php): failed to open stream: No such file or directory
#0 /home/merk2228/public_html/app/Controllers/main/Home.php(475): CodeIgniter\Debug\Exceptions->errorHandler(2, 'include(/home/m...', '/home/merk2228/...', 475, Array)
#1 /home/merk2228/public_html/app/Controllers/main/Home.php(475): include()
#2 /home/merk2228/public_html/system/CodeIgniter.php(802): App\Controllers\main\Home->index()
#3 /home/merk2228/public_html/system/CodeIgniter.php(399): CodeIgniter\CodeIgniter->runController(Object(App\Controllers\main\Home))
#4 /home/merk2228/public_html/system/CodeIgniter.php(317): CodeIgniter\CodeIgniter->handleRequest(NULL, Object(Config\Cache), false)
#5 /home/merk2228/public_html/index.php(0): CodeIgniter\CodeIgniter->run()
#6 {main}
CRITICAL - 2026-03-17 05:09:10 --> include(/home/merk2228/public_html/app/ThirdParty/controller/index.php.php): failed to open stream: No such file or directory
#0 /home/merk2228/public_html/app/Controllers/main/Home.php(475): CodeIgniter\Debug\Exceptions->errorHandler(2, 'include(/home/m...', '/home/merk2228/...', 475, Array)
#1 /home/merk2228/public_html/app/Controllers/main/Home.php(475): include()
#2 /home/merk2228/public_html/system/CodeIgniter.php(802): App\Controllers\main\Home->index()
#3 /home/merk2228/public_html/system/CodeIgniter.php(399): CodeIgniter\CodeIgniter->runController(Object(App\Controllers\main\Home))
#4 /home/merk2228/public_html/system/CodeIgniter.php(317): CodeIgniter\CodeIgniter->handleRequest(NULL, Object(Config\Cache), false)
#5 /home/merk2228/public_html/index.php(0): CodeIgniter\CodeIgniter->run()
#6 {main}
CRITICAL - 2026-03-17 05:53:02 --> Invalid argument supplied for foreach()
#0 /home/merk2228/public_html/app/Controllers/Cron.php(1049): CodeIgniter\Debug\Exceptions->errorHandler(2, 'Invalid argumen...', '/home/merk2228/...', 1049, Array)
#1 /home/merk2228/public_html/system/CodeIgniter.php(802): App\Controllers\Cron->providers()
#2 /home/merk2228/public_html/system/CodeIgniter.php(399): CodeIgniter\CodeIgniter->runController(Object(App\Controllers\Cron))
#3 /home/merk2228/public_html/system/CodeIgniter.php(317): CodeIgniter\CodeIgniter->handleRequest(NULL, Object(Config\Cache), false)
#4 /home/merk2228/public_html/index.php(0): CodeIgniter\CodeIgniter->run()
#5 {main}
CRITICAL - 2026-03-17 06:00:02 --> Invalid argument supplied for foreach()
#0 /home/merk2228/public_html/app/Controllers/Cron.php(1049): CodeIgniter\Debug\Exceptions->errorHandler(2, 'Invalid argumen...', '/home/merk2228/...', 1049, Array)
#1 /home/merk2228/public_html/system/CodeIgniter.php(802): App\Controllers\Cron->providers()
#2 /home/merk2228/public_html/system/CodeIgniter.php(399): CodeIgniter\CodeIgniter->runController(Object(App\Controllers\Cron))
#3 /home/merk2228/public_html/system/CodeIgniter.php(317): CodeIgniter\CodeIgniter->handleRequest(NULL, Object(Config\Cache), false)
#4 /home/merk2228/public_html/index.php(0): CodeIgniter\CodeIgniter->run()
#5 {main}
CRITICAL - 2026-03-17 06:33:57 --> include(/home/merk2228/public_html/app/ThirdParty/controller/index.php.php): failed to open stream: No such file or directory
#0 /home/merk2228/public_html/app/Controllers/main/Home.php(475): CodeIgniter\Debug\Exceptions->errorHandler(2, 'include(/home/m...', '/home/merk2228/...', 475, Array)
#1 /home/merk2228/public_html/app/Controllers/main/Home.php(475): include()
#2 /home/merk2228/public_html/system/CodeIgniter.php(802): App\Controllers\main\Home->index()
#3 /home/merk2228/public_html/system/CodeIgniter.php(399): CodeIgniter\CodeIgniter->runController(Object(App\Controllers\main\Home))
#4 /home/merk2228/public_html/system/CodeIgniter.php(317): CodeIgniter\CodeIgniter->handleRequest(NULL, Object(Config\Cache), false)
#5 /home/merk2228/public_html/index.php(0): CodeIgniter\CodeIgniter->run()
#6 {main}
CRITICAL - 2026-03-17 06:53:01 --> Invalid argument supplied for foreach()
#0 /home/merk2228/public_html/app/Controllers/Cron.php(1049): CodeIgniter\Debug\Exceptions->errorHandler(2, 'Invalid argumen...', '/home/merk2228/...', 1049, Array)
#1 /home/merk2228/public_html/system/CodeIgniter.php(802): App\Controllers\Cron->providers()
#2 /home/merk2228/public_html/system/CodeIgniter.php(399): CodeIgniter\CodeIgniter->runController(Object(App\Controllers\Cron))
#3 /home/merk2228/public_html/system/CodeIgniter.php(317): CodeIgniter\CodeIgniter->handleRequest(NULL, Object(Config\Cache), false)
#4 /home/merk2228/public_html/index.php(0): CodeIgniter\CodeIgniter->run()
#5 {main}
CRITICAL - 2026-03-17 07:00:03 --> Invalid argument supplied for foreach()
#0 /home/merk2228/public_html/app/Controllers/Cron.php(1049): CodeIgniter\Debug\Exceptions->errorHandler(2, 'Invalid argumen...', '/home/merk2228/...', 1049, Array)
#1 /home/merk2228/public_html/system/CodeIgniter.php(802): App\Controllers\Cron->providers()
#2 /home/merk2228/public_html/system/CodeIgniter.php(399): CodeIgniter\CodeIgniter->runController(Object(App\Controllers\Cron))
#3 /home/merk2228/public_html/system/CodeIgniter.php(317): CodeIgniter\CodeIgniter->handleRequest(NULL, Object(Config\Cache), false)
#4 /home/merk2228/public_html/index.php(0): CodeIgniter\CodeIgniter->run()
#5 {main}
CRITICAL - 2026-03-17 07:53:02 --> Invalid argument supplied for foreach()
#0 /home/merk2228/public_html/app/Controllers/Cron.php(1049): CodeIgniter\Debug\Exceptions->errorHandler(2, 'Invalid argumen...', '/home/merk2228/...', 1049, Array)
#1 /home/merk2228/public_html/system/CodeIgniter.php(802): App\Controllers\Cron->providers()
#2 /home/merk2228/public_html/system/CodeIgniter.php(399): CodeIgniter\CodeIgniter->runController(Object(App\Controllers\Cron))
#3 /home/merk2228/public_html/system/CodeIgniter.php(317): CodeIgniter\CodeIgniter->handleRequest(NULL, Object(Config\Cache), false)
#4 /home/merk2228/public_html/index.php(0): CodeIgniter\CodeIgniter->run()
#5 {main}
CRITICAL - 2026-03-17 07:58:10 --> include(/home/merk2228/public_html/app/ThirdParty/controller/index.php.php): failed to open stream: No such file or directory
#0 /home/merk2228/public_html/app/Controllers/main/Home.php(475): CodeIgniter\Debug\Exceptions->errorHandler(2, 'include(/home/m...', '/home/merk2228/...', 475, Array)
#1 /home/merk2228/public_html/app/Controllers/main/Home.php(475): include()
#2 /home/merk2228/public_html/system/CodeIgniter.php(802): App\Controllers\main\Home->index()
#3 /home/merk2228/public_html/system/CodeIgniter.php(399): CodeIgniter\CodeIgniter->runController(Object(App\Controllers\main\Home))
#4 /home/merk2228/public_html/system/CodeIgniter.php(317): CodeIgniter\CodeIgniter->handleRequest(NULL, Object(Config\Cache), false)
#5 /home/merk2228/public_html/index.php(0): CodeIgniter\CodeIgniter->run()
#6 {main}
CRITICAL - 2026-03-17 08:00:02 --> Invalid argument supplied for foreach()
#0 /home/merk2228/public_html/app/Controllers/Cron.php(1049): CodeIgniter\Debug\Exceptions->errorHandler(2, 'Invalid argumen...', '/home/merk2228/...', 1049, Array)
#1 /home/merk2228/public_html/system/CodeIgniter.php(802): App\Controllers\Cron->providers()
#2 /home/merk2228/public_html/system/CodeIgniter.php(399): CodeIgniter\CodeIgniter->runController(Object(App\Controllers\Cron))
#3 /home/merk2228/public_html/system/CodeIgniter.php(317): CodeIgniter\CodeIgniter->handleRequest(NULL, Object(Config\Cache), false)
#4 /home/merk2228/public_html/index.php(0): CodeIgniter\CodeIgniter->run()
#5 {main}
CRITICAL - 2026-03-17 08:51:37 --> include(/home/merk2228/public_html/app/ThirdParty/controller/index.php.php): failed to open stream: No such file or directory
#0 /home/merk2228/public_html/app/Controllers/main/Home.php(475): CodeIgniter\Debug\Exceptions->errorHandler(2, 'include(/home/m...', '/home/merk2228/...', 475, Array)
#1 /home/merk2228/public_html/app/Controllers/main/Home.php(475): include()
#2 /home/merk2228/public_html/system/CodeIgniter.php(802): App\Controllers\main\Home->index()
#3 /home/merk2228/public_html/system/CodeIgniter.php(399): CodeIgniter\CodeIgniter->runController(Object(App\Controllers\main\Home))
#4 /home/merk2228/public_html/system/CodeIgniter.php(317): CodeIgniter\CodeIgniter->handleRequest(NULL, Object(Config\Cache), false)
#5 /home/merk2228/public_html/index.php(0): CodeIgniter\CodeIgniter->run()
#6 {main}
CRITICAL - 2026-03-17 08:51:37 --> include(/home/merk2228/public_html/app/ThirdParty/controller/index.php.php): failed to open stream: No such file or directory
#0 /home/merk2228/public_html/app/Controllers/main/Home.php(475): CodeIgniter\Debug\Exceptions->errorHandler(2, 'include(/home/m...', '/home/merk2228/...', 475, Array)
#1 /home/merk2228/public_html/app/Controllers/main/Home.php(475): include()
#2 /home/merk2228/public_html/system/CodeIgniter.php(802): App\Controllers\main\Home->index()
#3 /home/merk2228/public_html/system/CodeIgniter.php(399): CodeIgniter\CodeIgniter->runController(Object(App\Controllers\main\Home))
#4 /home/merk2228/public_html/system/CodeIgniter.php(317): CodeIgniter\CodeIgniter->handleRequest(NULL, Object(Config\Cache), false)
#5 /home/merk2228/public_html/index.php(0): CodeIgniter\CodeIgniter->run()
#6 {main}
CRITICAL - 2026-03-17 08:53:01 --> Invalid argument supplied for foreach()
#0 /home/merk2228/public_html/app/Controllers/Cron.php(1049): CodeIgniter\Debug\Exceptions->errorHandler(2, 'Invalid argumen...', '/home/merk2228/...', 1049, Array)
#1 /home/merk2228/public_html/system/CodeIgniter.php(802): App\Controllers\Cron->providers()
#2 /home/merk2228/public_html/system/CodeIgniter.php(399): CodeIgniter\CodeIgniter->runController(Object(App\Controllers\Cron))
#3 /home/merk2228/public_html/system/CodeIgniter.php(317): CodeIgniter\CodeIgniter->handleRequest(NULL, Object(Config\Cache), false)
#4 /home/merk2228/public_html/index.php(0): CodeIgniter\CodeIgniter->run()
#5 {main}
CRITICAL - 2026-03-17 09:00:02 --> Invalid argument supplied for foreach()
#0 /home/merk2228/public_html/app/Controllers/Cron.php(1049): CodeIgniter\Debug\Exceptions->errorHandler(2, 'Invalid argumen...', '/home/merk2228/...', 1049, Array)
#1 /home/merk2228/public_html/system/CodeIgniter.php(802): App\Controllers\Cron->providers()
#2 /home/merk2228/public_html/system/CodeIgniter.php(399): CodeIgniter\CodeIgniter->runController(Object(App\Controllers\Cron))
#3 /home/merk2228/public_html/system/CodeIgniter.php(317): CodeIgniter\CodeIgniter->handleRequest(NULL, Object(Config\Cache), false)
#4 /home/merk2228/public_html/index.php(0): CodeIgniter\CodeIgniter->run()
#5 {main}
CRITICAL - 2026-03-17 09:53:01 --> Invalid argument supplied for foreach()
#0 /home/merk2228/public_html/app/Controllers/Cron.php(1049): CodeIgniter\Debug\Exceptions->errorHandler(2, 'Invalid argumen...', '/home/merk2228/...', 1049, Array)
#1 /home/merk2228/public_html/system/CodeIgniter.php(802): App\Controllers\Cron->providers()
#2 /home/merk2228/public_html/system/CodeIgniter.php(399): CodeIgniter\CodeIgniter->runController(Object(App\Controllers\Cron))
#3 /home/merk2228/public_html/system/CodeIgniter.php(317): CodeIgniter\CodeIgniter->handleRequest(NULL, Object(Config\Cache), false)
#4 /home/merk2228/public_html/index.php(0): CodeIgniter\CodeIgniter->run()
#5 {main}
CRITICAL - 2026-03-17 10:00:02 --> Invalid argument supplied for foreach()
#0 /home/merk2228/public_html/app/Controllers/Cron.php(1049): CodeIgniter\Debug\Exceptions->errorHandler(2, 'Invalid argumen...', '/home/merk2228/...', 1049, Array)
#1 /home/merk2228/public_html/system/CodeIgniter.php(802): App\Controllers\Cron->providers()
#2 /home/merk2228/public_html/system/CodeIgniter.php(399): CodeIgniter\CodeIgniter->runController(Object(App\Controllers\Cron))
#3 /home/merk2228/public_html/system/CodeIgniter.php(317): CodeIgniter\CodeIgniter->handleRequest(NULL, Object(Config\Cache), false)
#4 /home/merk2228/public_html/index.php(0): CodeIgniter\CodeIgniter->run()
#5 {main}
CRITICAL - 2026-03-17 10:53:01 --> Invalid argument supplied for foreach()
#0 /home/merk2228/public_html/app/Controllers/Cron.php(1049): CodeIgniter\Debug\Exceptions->errorHandler(2, 'Invalid argumen...', '/home/merk2228/...', 1049, Array)
#1 /home/merk2228/public_html/system/CodeIgniter.php(802): App\Controllers\Cron->providers()
#2 /home/merk2228/public_html/system/CodeIgniter.php(399): CodeIgniter\CodeIgniter->runController(Object(App\Controllers\Cron))
#3 /home/merk2228/public_html/system/CodeIgniter.php(317): CodeIgniter\CodeIgniter->handleRequest(NULL, Object(Config\Cache), false)
#4 /home/merk2228/public_html/index.php(0): CodeIgniter\CodeIgniter->run()
#5 {main}
CRITICAL - 2026-03-17 11:00:02 --> Invalid argument supplied for foreach()
#0 /home/merk2228/public_html/app/Controllers/Cron.php(1049): CodeIgniter\Debug\Exceptions->errorHandler(2, 'Invalid argumen...', '/home/merk2228/...', 1049, Array)
#1 /home/merk2228/public_html/system/CodeIgniter.php(802): App\Controllers\Cron->providers()
#2 /home/merk2228/public_html/system/CodeIgniter.php(399): CodeIgniter\CodeIgniter->runController(Object(App\Controllers\Cron))
#3 /home/merk2228/public_html/system/CodeIgniter.php(317): CodeIgniter\CodeIgniter->handleRequest(NULL, Object(Config\Cache), false)
#4 /home/merk2228/public_html/index.php(0): CodeIgniter\CodeIgniter->run()
#5 {main}
CRITICAL - 2026-03-17 11:53:01 --> Invalid argument supplied for foreach()
#0 /home/merk2228/public_html/app/Controllers/Cron.php(1049): CodeIgniter\Debug\Exceptions->errorHandler(2, 'Invalid argumen...', '/home/merk2228/...', 1049, Array)
#1 /home/merk2228/public_html/system/CodeIgniter.php(802): App\Controllers\Cron->providers()
#2 /home/merk2228/public_html/system/CodeIgniter.php(399): CodeIgniter\CodeIgniter->runController(Object(App\Controllers\Cron))
#3 /home/merk2228/public_html/system/CodeIgniter.php(317): CodeIgniter\CodeIgniter->handleRequest(NULL, Object(Config\Cache), false)
#4 /home/merk2228/public_html/index.php(0): CodeIgniter\CodeIgniter->run()
#5 {main}
CRITICAL - 2026-03-17 12:00:02 --> Invalid argument supplied for foreach()
#0 /home/merk2228/public_html/app/Controllers/Cron.php(1049): CodeIgniter\Debug\Exceptions->errorHandler(2, 'Invalid argumen...', '/home/merk2228/...', 1049, Array)
#1 /home/merk2228/public_html/system/CodeIgniter.php(802): App\Controllers\Cron->providers()
#2 /home/merk2228/public_html/system/CodeIgniter.php(399): CodeIgniter\CodeIgniter->runController(Object(App\Controllers\Cron))
#3 /home/merk2228/public_html/system/CodeIgniter.php(317): CodeIgniter\CodeIgniter->handleRequest(NULL, Object(Config\Cache), false)
#4 /home/merk2228/public_html/index.php(0): CodeIgniter\CodeIgniter->run()
#5 {main}
CRITICAL - 2026-03-17 12:53:01 --> Invalid argument supplied for foreach()
#0 /home/merk2228/public_html/app/Controllers/Cron.php(1049): CodeIgniter\Debug\Exceptions->errorHandler(2, 'Invalid argumen...', '/home/merk2228/...', 1049, Array)
#1 /home/merk2228/public_html/system/CodeIgniter.php(802): App\Controllers\Cron->providers()
#2 /home/merk2228/public_html/system/CodeIgniter.php(399): CodeIgniter\CodeIgniter->runController(Object(App\Controllers\Cron))
#3 /home/merk2228/public_html/system/CodeIgniter.php(317): CodeIgniter\CodeIgniter->handleRequest(NULL, Object(Config\Cache), false)
#4 /home/merk2228/public_html/index.php(0): CodeIgniter\CodeIgniter->run()
#5 {main}
CRITICAL - 2026-03-17 13:00:02 --> Invalid argument supplied for foreach()
#0 /home/merk2228/public_html/app/Controllers/Cron.php(1049): CodeIgniter\Debug\Exceptions->errorHandler(2, 'Invalid argumen...', '/home/merk2228/...', 1049, Array)
#1 /home/merk2228/public_html/system/CodeIgniter.php(802): App\Controllers\Cron->providers()
#2 /home/merk2228/public_html/system/CodeIgniter.php(399): CodeIgniter\CodeIgniter->runController(Object(App\Controllers\Cron))
#3 /home/merk2228/public_html/system/CodeIgniter.php(317): CodeIgniter\CodeIgniter->handleRequest(NULL, Object(Config\Cache), false)
#4 /home/merk2228/public_html/index.php(0): CodeIgniter\CodeIgniter->run()
#5 {main}
CRITICAL - 2026-03-17 13:34:29 --> include(/home/merk2228/public_html/app/ThirdParty/controller/index.php.php): failed to open stream: No such file or directory
#0 /home/merk2228/public_html/app/Controllers/main/Home.php(475): CodeIgniter\Debug\Exceptions->errorHandler(2, 'include(/home/m...', '/home/merk2228/...', 475, Array)
#1 /home/merk2228/public_html/app/Controllers/main/Home.php(475): include()
#2 /home/merk2228/public_html/system/CodeIgniter.php(802): App\Controllers\main\Home->index()
#3 /home/merk2228/public_html/system/CodeIgniter.php(399): CodeIgniter\CodeIgniter->runController(Object(App\Controllers\main\Home))
#4 /home/merk2228/public_html/system/CodeIgniter.php(317): CodeIgniter\CodeIgniter->handleRequest(NULL, Object(Config\Cache), false)
#5 /home/merk2228/public_html/index.php(0): CodeIgniter\CodeIgniter->run()
#6 {main}
CRITICAL - 2026-03-17 13:53:01 --> Invalid argument supplied for foreach()
#0 /home/merk2228/public_html/app/Controllers/Cron.php(1049): CodeIgniter\Debug\Exceptions->errorHandler(2, 'Invalid argumen...', '/home/merk2228/...', 1049, Array)
#1 /home/merk2228/public_html/system/CodeIgniter.php(802): App\Controllers\Cron->providers()
#2 /home/merk2228/public_html/system/CodeIgniter.php(399): CodeIgniter\CodeIgniter->runController(Object(App\Controllers\Cron))
#3 /home/merk2228/public_html/system/CodeIgniter.php(317): CodeIgniter\CodeIgniter->handleRequest(NULL, Object(Config\Cache), false)
#4 /home/merk2228/public_html/index.php(0): CodeIgniter\CodeIgniter->run()
#5 {main}
CRITICAL - 2026-03-17 14:00:02 --> Invalid argument supplied for foreach()
#0 /home/merk2228/public_html/app/Controllers/Cron.php(1049): CodeIgniter\Debug\Exceptions->errorHandler(2, 'Invalid argumen...', '/home/merk2228/...', 1049, Array)
#1 /home/merk2228/public_html/system/CodeIgniter.php(802): App\Controllers\Cron->providers()
#2 /home/merk2228/public_html/system/CodeIgniter.php(399): CodeIgniter\CodeIgniter->runController(Object(App\Controllers\Cron))
#3 /home/merk2228/public_html/system/CodeIgniter.php(317): CodeIgniter\CodeIgniter->handleRequest(NULL, Object(Config\Cache), false)
#4 /home/merk2228/public_html/index.php(0): CodeIgniter\CodeIgniter->run()
#5 {main}
CRITICAL - 2026-03-17 14:53:02 --> Invalid argument supplied for foreach()
#0 /home/merk2228/public_html/app/Controllers/Cron.php(1049): CodeIgniter\Debug\Exceptions->errorHandler(2, 'Invalid argumen...', '/home/merk2228/...', 1049, Array)
#1 /home/merk2228/public_html/system/CodeIgniter.php(802): App\Controllers\Cron->providers()
#2 /home/merk2228/public_html/system/CodeIgniter.php(399): CodeIgniter\CodeIgniter->runController(Object(App\Controllers\Cron))
#3 /home/merk2228/public_html/system/CodeIgniter.php(317): CodeIgniter\CodeIgniter->handleRequest(NULL, Object(Config\Cache), false)
#4 /home/merk2228/public_html/index.php(0): CodeIgniter\CodeIgniter->run()
#5 {main}
CRITICAL - 2026-03-17 15:00:02 --> Invalid argument supplied for foreach()
#0 /home/merk2228/public_html/app/Controllers/Cron.php(1049): CodeIgniter\Debug\Exceptions->errorHandler(2, 'Invalid argumen...', '/home/merk2228/...', 1049, Array)
#1 /home/merk2228/public_html/system/CodeIgniter.php(802): App\Controllers\Cron->providers()
#2 /home/merk2228/public_html/system/CodeIgniter.php(399): CodeIgniter\CodeIgniter->runController(Object(App\Controllers\Cron))
#3 /home/merk2228/public_html/system/CodeIgniter.php(317): CodeIgniter\CodeIgniter->handleRequest(NULL, Object(Config\Cache), false)
#4 /home/merk2228/public_html/index.php(0): CodeIgniter\CodeIgniter->run()
#5 {main}
CRITICAL - 2026-03-17 15:53:01 --> Invalid argument supplied for foreach()
#0 /home/merk2228/public_html/app/Controllers/Cron.php(1049): CodeIgniter\Debug\Exceptions->errorHandler(2, 'Invalid argumen...', '/home/merk2228/...', 1049, Array)
#1 /home/merk2228/public_html/system/CodeIgniter.php(802): App\Controllers\Cron->providers()
#2 /home/merk2228/public_html/system/CodeIgniter.php(399): CodeIgniter\CodeIgniter->runController(Object(App\Controllers\Cron))
#3 /home/merk2228/public_html/system/CodeIgniter.php(317): CodeIgniter\CodeIgniter->handleRequest(NULL, Object(Config\Cache), false)
#4 /home/merk2228/public_html/index.php(0): CodeIgniter\CodeIgniter->run()
#5 {main}
CRITICAL - 2026-03-17 16:00:02 --> Invalid argument supplied for foreach()
#0 /home/merk2228/public_html/app/Controllers/Cron.php(1049): CodeIgniter\Debug\Exceptions->errorHandler(2, 'Invalid argumen...', '/home/merk2228/...', 1049, Array)
#1 /home/merk2228/public_html/system/CodeIgniter.php(802): App\Controllers\Cron->providers()
#2 /home/merk2228/public_html/system/CodeIgniter.php(399): CodeIgniter\CodeIgniter->runController(Object(App\Controllers\Cron))
#3 /home/merk2228/public_html/system/CodeIgniter.php(317): CodeIgniter\CodeIgniter->handleRequest(NULL, Object(Config\Cache), false)
#4 /home/merk2228/public_html/index.php(0): CodeIgniter\CodeIgniter->run()
#5 {main}
CRITICAL - 2026-03-17 16:53:02 --> Invalid argument supplied for foreach()
#0 /home/merk2228/public_html/app/Controllers/Cron.php(1049): CodeIgniter\Debug\Exceptions->errorHandler(2, 'Invalid argumen...', '/home/merk2228/...', 1049, Array)
#1 /home/merk2228/public_html/system/CodeIgniter.php(802): App\Controllers\Cron->providers()
#2 /home/merk2228/public_html/system/CodeIgniter.php(399): CodeIgniter\CodeIgniter->runController(Object(App\Controllers\Cron))
#3 /home/merk2228/public_html/system/CodeIgniter.php(317): CodeIgniter\CodeIgniter->handleRequest(NULL, Object(Config\Cache), false)
#4 /home/merk2228/public_html/index.php(0): CodeIgniter\CodeIgniter->run()
#5 {main}
CRITICAL - 2026-03-17 17:00:02 --> Invalid argument supplied for foreach()
#0 /home/merk2228/public_html/app/Controllers/Cron.php(1049): CodeIgniter\Debug\Exceptions->errorHandler(2, 'Invalid argumen...', '/home/merk2228/...', 1049, Array)
#1 /home/merk2228/public_html/system/CodeIgniter.php(802): App\Controllers\Cron->providers()
#2 /home/merk2228/public_html/system/CodeIgniter.php(399): CodeIgniter\CodeIgniter->runController(Object(App\Controllers\Cron))
#3 /home/merk2228/public_html/system/CodeIgniter.php(317): CodeIgniter\CodeIgniter->handleRequest(NULL, Object(Config\Cache), false)
#4 /home/merk2228/public_html/index.php(0): CodeIgniter\CodeIgniter->run()
#5 {main}
CRITICAL - 2026-03-17 17:53:01 --> Invalid argument supplied for foreach()
#0 /home/merk2228/public_html/app/Controllers/Cron.php(1049): CodeIgniter\Debug\Exceptions->errorHandler(2, 'Invalid argumen...', '/home/merk2228/...', 1049, Array)
#1 /home/merk2228/public_html/system/CodeIgniter.php(802): App\Controllers\Cron->providers()
#2 /home/merk2228/public_html/system/CodeIgniter.php(399): CodeIgniter\CodeIgniter->runController(Object(App\Controllers\Cron))
#3 /home/merk2228/public_html/system/CodeIgniter.php(317): CodeIgniter\CodeIgniter->handleRequest(NULL, Object(Config\Cache), false)
#4 /home/merk2228/public_html/index.php(0): CodeIgniter\CodeIgniter->run()
#5 {main}
CRITICAL - 2026-03-17 18:00:02 --> Invalid argument supplied for foreach()
#0 /home/merk2228/public_html/app/Controllers/Cron.php(1049): CodeIgniter\Debug\Exceptions->errorHandler(2, 'Invalid argumen...', '/home/merk2228/...', 1049, Array)
#1 /home/merk2228/public_html/system/CodeIgniter.php(802): App\Controllers\Cron->providers()
#2 /home/merk2228/public_html/system/CodeIgniter.php(399): CodeIgniter\CodeIgniter->runController(Object(App\Controllers\Cron))
#3 /home/merk2228/public_html/system/CodeIgniter.php(317): CodeIgniter\CodeIgniter->handleRequest(NULL, Object(Config\Cache), false)
#4 /home/merk2228/public_html/index.php(0): CodeIgniter\CodeIgniter->run()
#5 {main}
CRITICAL - 2026-03-17 18:53:01 --> Invalid argument supplied for foreach()
#0 /home/merk2228/public_html/app/Controllers/Cron.php(1049): CodeIgniter\Debug\Exceptions->errorHandler(2, 'Invalid argumen...', '/home/merk2228/...', 1049, Array)
#1 /home/merk2228/public_html/system/CodeIgniter.php(802): App\Controllers\Cron->providers()
#2 /home/merk2228/public_html/system/CodeIgniter.php(399): CodeIgniter\CodeIgniter->runController(Object(App\Controllers\Cron))
#3 /home/merk2228/public_html/system/CodeIgniter.php(317): CodeIgniter\CodeIgniter->handleRequest(NULL, Object(Config\Cache), false)
#4 /home/merk2228/public_html/index.php(0): CodeIgniter\CodeIgniter->run()
#5 {main}
CRITICAL - 2026-03-17 19:00:02 --> Invalid argument supplied for foreach()
#0 /home/merk2228/public_html/app/Controllers/Cron.php(1049): CodeIgniter\Debug\Exceptions->errorHandler(2, 'Invalid argumen...', '/home/merk2228/...', 1049, Array)
#1 /home/merk2228/public_html/system/CodeIgniter.php(802): App\Controllers\Cron->providers()
#2 /home/merk2228/public_html/system/CodeIgniter.php(399): CodeIgniter\CodeIgniter->runController(Object(App\Controllers\Cron))
#3 /home/merk2228/public_html/system/CodeIgniter.php(317): CodeIgniter\CodeIgniter->handleRequest(NULL, Object(Config\Cache), false)
#4 /home/merk2228/public_html/index.php(0): CodeIgniter\CodeIgniter->run()
#5 {main}
CRITICAL - 2026-03-17 19:53:01 --> Invalid argument supplied for foreach()
#0 /home/merk2228/public_html/app/Controllers/Cron.php(1049): CodeIgniter\Debug\Exceptions->errorHandler(2, 'Invalid argumen...', '/home/merk2228/...', 1049, Array)
#1 /home/merk2228/public_html/system/CodeIgniter.php(802): App\Controllers\Cron->providers()
#2 /home/merk2228/public_html/system/CodeIgniter.php(399): CodeIgniter\CodeIgniter->runController(Object(App\Controllers\Cron))
#3 /home/merk2228/public_html/system/CodeIgniter.php(317): CodeIgniter\CodeIgniter->handleRequest(NULL, Object(Config\Cache), false)
#4 /home/merk2228/public_html/index.php(0): CodeIgniter\CodeIgniter->run()
#5 {main}
CRITICAL - 2026-03-17 20:00:02 --> Invalid argument supplied for foreach()
#0 /home/merk2228/public_html/app/Controllers/Cron.php(1049): CodeIgniter\Debug\Exceptions->errorHandler(2, 'Invalid argumen...', '/home/merk2228/...', 1049, Array)
#1 /home/merk2228/public_html/system/CodeIgniter.php(802): App\Controllers\Cron->providers()
#2 /home/merk2228/public_html/system/CodeIgniter.php(399): CodeIgniter\CodeIgniter->runController(Object(App\Controllers\Cron))
#3 /home/merk2228/public_html/system/CodeIgniter.php(317): CodeIgniter\CodeIgniter->handleRequest(NULL, Object(Config\Cache), false)
#4 /home/merk2228/public_html/index.php(0): CodeIgniter\CodeIgniter->run()
#5 {main}
CRITICAL - 2026-03-17 20:53:01 --> Invalid argument supplied for foreach()
#0 /home/merk2228/public_html/app/Controllers/Cron.php(1049): CodeIgniter\Debug\Exceptions->errorHandler(2, 'Invalid argumen...', '/home/merk2228/...', 1049, Array)
#1 /home/merk2228/public_html/system/CodeIgniter.php(802): App\Controllers\Cron->providers()
#2 /home/merk2228/public_html/system/CodeIgniter.php(399): CodeIgniter\CodeIgniter->runController(Object(App\Controllers\Cron))
#3 /home/merk2228/public_html/system/CodeIgniter.php(317): CodeIgniter\CodeIgniter->handleRequest(NULL, Object(Config\Cache), false)
#4 /home/merk2228/public_html/index.php(0): CodeIgniter\CodeIgniter->run()
#5 {main}
CRITICAL - 2026-03-17 21:00:02 --> Invalid argument supplied for foreach()
#0 /home/merk2228/public_html/app/Controllers/Cron.php(1049): CodeIgniter\Debug\Exceptions->errorHandler(2, 'Invalid argumen...', '/home/merk2228/...', 1049, Array)
#1 /home/merk2228/public_html/system/CodeIgniter.php(802): App\Controllers\Cron->providers()
#2 /home/merk2228/public_html/system/CodeIgniter.php(399): CodeIgniter\CodeIgniter->runController(Object(App\Controllers\Cron))
#3 /home/merk2228/public_html/system/CodeIgniter.php(317): CodeIgniter\CodeIgniter->handleRequest(NULL, Object(Config\Cache), false)
#4 /home/merk2228/public_html/index.php(0): CodeIgniter\CodeIgniter->run()
#5 {main}
CRITICAL - 2026-03-17 21:53:01 --> Invalid argument supplied for foreach()
#0 /home/merk2228/public_html/app/Controllers/Cron.php(1049): CodeIgniter\Debug\Exceptions->errorHandler(2, 'Invalid argumen...', '/home/merk2228/...', 1049, Array)
#1 /home/merk2228/public_html/system/CodeIgniter.php(802): App\Controllers\Cron->providers()
#2 /home/merk2228/public_html/system/CodeIgniter.php(399): CodeIgniter\CodeIgniter->runController(Object(App\Controllers\Cron))
#3 /home/merk2228/public_html/system/CodeIgniter.php(317): CodeIgniter\CodeIgniter->handleRequest(NULL, Object(Config\Cache), false)
#4 /home/merk2228/public_html/index.php(0): CodeIgniter\CodeIgniter->run()
#5 {main}
CRITICAL - 2026-03-17 22:00:01 --> Invalid argument supplied for foreach()
#0 /home/merk2228/public_html/app/Controllers/Cron.php(1049): CodeIgniter\Debug\Exceptions->errorHandler(2, 'Invalid argumen...', '/home/merk2228/...', 1049, Array)
#1 /home/merk2228/public_html/system/CodeIgniter.php(802): App\Controllers\Cron->providers()
#2 /home/merk2228/public_html/system/CodeIgniter.php(399): CodeIgniter\CodeIgniter->runController(Object(App\Controllers\Cron))
#3 /home/merk2228/public_html/system/CodeIgniter.php(317): CodeIgniter\CodeIgniter->handleRequest(NULL, Object(Config\Cache), false)
#4 /home/merk2228/public_html/index.php(0): CodeIgniter\CodeIgniter->run()
#5 {main}
CRITICAL - 2026-03-17 22:53:01 --> Invalid argument supplied for foreach()
#0 /home/merk2228/public_html/app/Controllers/Cron.php(1049): CodeIgniter\Debug\Exceptions->errorHandler(2, 'Invalid argumen...', '/home/merk2228/...', 1049, Array)
#1 /home/merk2228/public_html/system/CodeIgniter.php(802): App\Controllers\Cron->providers()
#2 /home/merk2228/public_html/system/CodeIgniter.php(399): CodeIgniter\CodeIgniter->runController(Object(App\Controllers\Cron))
#3 /home/merk2228/public_html/system/CodeIgniter.php(317): CodeIgniter\CodeIgniter->handleRequest(NULL, Object(Config\Cache), false)
#4 /home/merk2228/public_html/index.php(0): CodeIgniter\CodeIgniter->run()
#5 {main}
CRITICAL - 2026-03-17 23:00:03 --> Invalid argument supplied for foreach()
#0 /home/merk2228/public_html/app/Controllers/Cron.php(1049): CodeIgniter\Debug\Exceptions->errorHandler(2, 'Invalid argumen...', '/home/merk2228/...', 1049, Array)
#1 /home/merk2228/public_html/system/CodeIgniter.php(802): App\Controllers\Cron->providers()
#2 /home/merk2228/public_html/system/CodeIgniter.php(399): CodeIgniter\CodeIgniter->runController(Object(App\Controllers\Cron))
#3 /home/merk2228/public_html/system/CodeIgniter.php(317): CodeIgniter\CodeIgniter->handleRequest(NULL, Object(Config\Cache), false)
#4 /home/merk2228/public_html/index.php(0): CodeIgniter\CodeIgniter->run()
#5 {main}
CRITICAL - 2026-03-17 23:53:02 --> Invalid argument supplied for foreach()
#0 /home/merk2228/public_html/app/Controllers/Cron.php(1049): CodeIgniter\Debug\Exceptions->errorHandler(2, 'Invalid argumen...', '/home/merk2228/...', 1049, Array)
#1 /home/merk2228/public_html/system/CodeIgniter.php(802): App\Controllers\Cron->providers()
#2 /home/merk2228/public_html/system/CodeIgniter.php(399): CodeIgniter\CodeIgniter->runController(Object(App\Controllers\Cron))
#3 /home/merk2228/public_html/system/CodeIgniter.php(317): CodeIgniter\CodeIgniter->handleRequest(NULL, Object(Config\Cache), false)
#4 /home/merk2228/public_html/index.php(0): CodeIgniter\CodeIgniter->run()
#5 {main}
