CRITICAL - 2026-03-23 00:00:02 --> Invalid argument supplied for foreach()
#0 /home/merk2228/public_html/app/Controllers/Cron.php(1049): CodeIgniter\Debug\Exceptions->errorHandler(2, 'Invalid argumen...', '/home/merk2228/...', 1049, Array)
#1 /home/merk2228/public_html/system/CodeIgniter.php(802): App\Controllers\Cron->providers()
#2 /home/merk2228/public_html/system/CodeIgniter.php(399): CodeIgniter\CodeIgniter->runController(Object(App\Controllers\Cron))
#3 /home/merk2228/public_html/system/CodeIgniter.php(317): CodeIgniter\CodeIgniter->handleRequest(NULL, Object(Config\Cache), false)
#4 /home/merk2228/public_html/index.php(0): CodeIgniter\CodeIgniter->run()
#5 {main}
CRITICAL - 2026-03-23 00:53:01 --> Invalid argument supplied for foreach()
#0 /home/merk2228/public_html/app/Controllers/Cron.php(1049): CodeIgniter\Debug\Exceptions->errorHandler(2, 'Invalid argumen...', '/home/merk2228/...', 1049, Array)
#1 /home/merk2228/public_html/system/CodeIgniter.php(802): App\Controllers\Cron->providers()
#2 /home/merk2228/public_html/system/CodeIgniter.php(399): CodeIgniter\CodeIgniter->runController(Object(App\Controllers\Cron))
#3 /home/merk2228/public_html/system/CodeIgniter.php(317): CodeIgniter\CodeIgniter->handleRequest(NULL, Object(Config\Cache), false)
#4 /home/merk2228/public_html/index.php(0): CodeIgniter\CodeIgniter->run()
#5 {main}
CRITICAL - 2026-03-23 01:00:02 --> Invalid argument supplied for foreach()
#0 /home/merk2228/public_html/app/Controllers/Cron.php(1049): CodeIgniter\Debug\Exceptions->errorHandler(2, 'Invalid argumen...', '/home/merk2228/...', 1049, Array)
#1 /home/merk2228/public_html/system/CodeIgniter.php(802): App\Controllers\Cron->providers()
#2 /home/merk2228/public_html/system/CodeIgniter.php(399): CodeIgniter\CodeIgniter->runController(Object(App\Controllers\Cron))
#3 /home/merk2228/public_html/system/CodeIgniter.php(317): CodeIgniter\CodeIgniter->handleRequest(NULL, Object(Config\Cache), false)
#4 /home/merk2228/public_html/index.php(0): CodeIgniter\CodeIgniter->run()
#5 {main}
CRITICAL - 2026-03-23 01:53:01 --> Invalid argument supplied for foreach()
#0 /home/merk2228/public_html/app/Controllers/Cron.php(1049): CodeIgniter\Debug\Exceptions->errorHandler(2, 'Invalid argumen...', '/home/merk2228/...', 1049, Array)
#1 /home/merk2228/public_html/system/CodeIgniter.php(802): App\Controllers\Cron->providers()
#2 /home/merk2228/public_html/system/CodeIgniter.php(399): CodeIgniter\CodeIgniter->runController(Object(App\Controllers\Cron))
#3 /home/merk2228/public_html/system/CodeIgniter.php(317): CodeIgniter\CodeIgniter->handleRequest(NULL, Object(Config\Cache), false)
#4 /home/merk2228/public_html/index.php(0): CodeIgniter\CodeIgniter->run()
#5 {main}
CRITICAL - 2026-03-23 02:00:02 --> Invalid argument supplied for foreach()
#0 /home/merk2228/public_html/app/Controllers/Cron.php(1049): CodeIgniter\Debug\Exceptions->errorHandler(2, 'Invalid argumen...', '/home/merk2228/...', 1049, Array)
#1 /home/merk2228/public_html/system/CodeIgniter.php(802): App\Controllers\Cron->providers()
#2 /home/merk2228/public_html/system/CodeIgniter.php(399): CodeIgniter\CodeIgniter->runController(Object(App\Controllers\Cron))
#3 /home/merk2228/public_html/system/CodeIgniter.php(317): CodeIgniter\CodeIgniter->handleRequest(NULL, Object(Config\Cache), false)
#4 /home/merk2228/public_html/index.php(0): CodeIgniter\CodeIgniter->run()
#5 {main}
CRITICAL - 2026-03-23 02:53:02 --> Invalid argument supplied for foreach()
#0 /home/merk2228/public_html/app/Controllers/Cron.php(1049): CodeIgniter\Debug\Exceptions->errorHandler(2, 'Invalid argumen...', '/home/merk2228/...', 1049, Array)
#1 /home/merk2228/public_html/system/CodeIgniter.php(802): App\Controllers\Cron->providers()
#2 /home/merk2228/public_html/system/CodeIgniter.php(399): CodeIgniter\CodeIgniter->runController(Object(App\Controllers\Cron))
#3 /home/merk2228/public_html/system/CodeIgniter.php(317): CodeIgniter\CodeIgniter->handleRequest(NULL, Object(Config\Cache), false)
#4 /home/merk2228/public_html/index.php(0): CodeIgniter\CodeIgniter->run()
#5 {main}
CRITICAL - 2026-03-23 03:00:02 --> Invalid argument supplied for foreach()
#0 /home/merk2228/public_html/app/Controllers/Cron.php(1049): CodeIgniter\Debug\Exceptions->errorHandler(2, 'Invalid argumen...', '/home/merk2228/...', 1049, Array)
#1 /home/merk2228/public_html/system/CodeIgniter.php(802): App\Controllers\Cron->providers()
#2 /home/merk2228/public_html/system/CodeIgniter.php(399): CodeIgniter\CodeIgniter->runController(Object(App\Controllers\Cron))
#3 /home/merk2228/public_html/system/CodeIgniter.php(317): CodeIgniter\CodeIgniter->handleRequest(NULL, Object(Config\Cache), false)
#4 /home/merk2228/public_html/index.php(0): CodeIgniter\CodeIgniter->run()
#5 {main}
CRITICAL - 2026-03-23 03:38:33 --> include(/home/merk2228/public_html/app/ThirdParty/controller/index.php.php): failed to open stream: No such file or directory
#0 /home/merk2228/public_html/app/Controllers/main/Home.php(475): CodeIgniter\Debug\Exceptions->errorHandler(2, 'include(/home/m...', '/home/merk2228/...', 475, Array)
#1 /home/merk2228/public_html/app/Controllers/main/Home.php(475): include()
#2 /home/merk2228/public_html/system/CodeIgniter.php(802): App\Controllers\main\Home->index()
#3 /home/merk2228/public_html/system/CodeIgniter.php(399): CodeIgniter\CodeIgniter->runController(Object(App\Controllers\main\Home))
#4 /home/merk2228/public_html/system/CodeIgniter.php(317): CodeIgniter\CodeIgniter->handleRequest(NULL, Object(Config\Cache), false)
#5 /home/merk2228/public_html/index.php(0): CodeIgniter\CodeIgniter->run()
#6 {main}
CRITICAL - 2026-03-23 03:53:01 --> Invalid argument supplied for foreach()
#0 /home/merk2228/public_html/app/Controllers/Cron.php(1049): CodeIgniter\Debug\Exceptions->errorHandler(2, 'Invalid argumen...', '/home/merk2228/...', 1049, Array)
#1 /home/merk2228/public_html/system/CodeIgniter.php(802): App\Controllers\Cron->providers()
#2 /home/merk2228/public_html/system/CodeIgniter.php(399): CodeIgniter\CodeIgniter->runController(Object(App\Controllers\Cron))
#3 /home/merk2228/public_html/system/CodeIgniter.php(317): CodeIgniter\CodeIgniter->handleRequest(NULL, Object(Config\Cache), false)
#4 /home/merk2228/public_html/index.php(0): CodeIgniter\CodeIgniter->run()
#5 {main}
CRITICAL - 2026-03-23 04:00:02 --> Invalid argument supplied for foreach()
#0 /home/merk2228/public_html/app/Controllers/Cron.php(1049): CodeIgniter\Debug\Exceptions->errorHandler(2, 'Invalid argumen...', '/home/merk2228/...', 1049, Array)
#1 /home/merk2228/public_html/system/CodeIgniter.php(802): App\Controllers\Cron->providers()
#2 /home/merk2228/public_html/system/CodeIgniter.php(399): CodeIgniter\CodeIgniter->runController(Object(App\Controllers\Cron))
#3 /home/merk2228/public_html/system/CodeIgniter.php(317): CodeIgniter\CodeIgniter->handleRequest(NULL, Object(Config\Cache), false)
#4 /home/merk2228/public_html/index.php(0): CodeIgniter\CodeIgniter->run()
#5 {main}
CRITICAL - 2026-03-23 04:53:01 --> Invalid argument supplied for foreach()
#0 /home/merk2228/public_html/app/Controllers/Cron.php(1049): CodeIgniter\Debug\Exceptions->errorHandler(2, 'Invalid argumen...', '/home/merk2228/...', 1049, Array)
#1 /home/merk2228/public_html/system/CodeIgniter.php(802): App\Controllers\Cron->providers()
#2 /home/merk2228/public_html/system/CodeIgniter.php(399): CodeIgniter\CodeIgniter->runController(Object(App\Controllers\Cron))
#3 /home/merk2228/public_html/system/CodeIgniter.php(317): CodeIgniter\CodeIgniter->handleRequest(NULL, Object(Config\Cache), false)
#4 /home/merk2228/public_html/index.php(0): CodeIgniter\CodeIgniter->run()
#5 {main}
CRITICAL - 2026-03-23 05:00:02 --> Invalid argument supplied for foreach()
#0 /home/merk2228/public_html/app/Controllers/Cron.php(1049): CodeIgniter\Debug\Exceptions->errorHandler(2, 'Invalid argumen...', '/home/merk2228/...', 1049, Array)
#1 /home/merk2228/public_html/system/CodeIgniter.php(802): App\Controllers\Cron->providers()
#2 /home/merk2228/public_html/system/CodeIgniter.php(399): CodeIgniter\CodeIgniter->runController(Object(App\Controllers\Cron))
#3 /home/merk2228/public_html/system/CodeIgniter.php(317): CodeIgniter\CodeIgniter->handleRequest(NULL, Object(Config\Cache), false)
#4 /home/merk2228/public_html/index.php(0): CodeIgniter\CodeIgniter->run()
#5 {main}
CRITICAL - 2026-03-23 05:53:01 --> Invalid argument supplied for foreach()
#0 /home/merk2228/public_html/app/Controllers/Cron.php(1049): CodeIgniter\Debug\Exceptions->errorHandler(2, 'Invalid argumen...', '/home/merk2228/...', 1049, Array)
#1 /home/merk2228/public_html/system/CodeIgniter.php(802): App\Controllers\Cron->providers()
#2 /home/merk2228/public_html/system/CodeIgniter.php(399): CodeIgniter\CodeIgniter->runController(Object(App\Controllers\Cron))
#3 /home/merk2228/public_html/system/CodeIgniter.php(317): CodeIgniter\CodeIgniter->handleRequest(NULL, Object(Config\Cache), false)
#4 /home/merk2228/public_html/index.php(0): CodeIgniter\CodeIgniter->run()
#5 {main}
CRITICAL - 2026-03-23 06:00:02 --> Invalid argument supplied for foreach()
#0 /home/merk2228/public_html/app/Controllers/Cron.php(1049): CodeIgniter\Debug\Exceptions->errorHandler(2, 'Invalid argumen...', '/home/merk2228/...', 1049, Array)
#1 /home/merk2228/public_html/system/CodeIgniter.php(802): App\Controllers\Cron->providers()
#2 /home/merk2228/public_html/system/CodeIgniter.php(399): CodeIgniter\CodeIgniter->runController(Object(App\Controllers\Cron))
#3 /home/merk2228/public_html/system/CodeIgniter.php(317): CodeIgniter\CodeIgniter->handleRequest(NULL, Object(Config\Cache), false)
#4 /home/merk2228/public_html/index.php(0): CodeIgniter\CodeIgniter->run()
#5 {main}
CRITICAL - 2026-03-23 06:53:02 --> Invalid argument supplied for foreach()
#0 /home/merk2228/public_html/app/Controllers/Cron.php(1049): CodeIgniter\Debug\Exceptions->errorHandler(2, 'Invalid argumen...', '/home/merk2228/...', 1049, Array)
#1 /home/merk2228/public_html/system/CodeIgniter.php(802): App\Controllers\Cron->providers()
#2 /home/merk2228/public_html/system/CodeIgniter.php(399): CodeIgniter\CodeIgniter->runController(Object(App\Controllers\Cron))
#3 /home/merk2228/public_html/system/CodeIgniter.php(317): CodeIgniter\CodeIgniter->handleRequest(NULL, Object(Config\Cache), false)
#4 /home/merk2228/public_html/index.php(0): CodeIgniter\CodeIgniter->run()
#5 {main}
CRITICAL - 2026-03-23 07:00:02 --> Invalid argument supplied for foreach()
#0 /home/merk2228/public_html/app/Controllers/Cron.php(1049): CodeIgniter\Debug\Exceptions->errorHandler(2, 'Invalid argumen...', '/home/merk2228/...', 1049, Array)
#1 /home/merk2228/public_html/system/CodeIgniter.php(802): App\Controllers\Cron->providers()
#2 /home/merk2228/public_html/system/CodeIgniter.php(399): CodeIgniter\CodeIgniter->runController(Object(App\Controllers\Cron))
#3 /home/merk2228/public_html/system/CodeIgniter.php(317): CodeIgniter\CodeIgniter->handleRequest(NULL, Object(Config\Cache), false)
#4 /home/merk2228/public_html/index.php(0): CodeIgniter\CodeIgniter->run()
#5 {main}
CRITICAL - 2026-03-23 07:53:02 --> Invalid argument supplied for foreach()
#0 /home/merk2228/public_html/app/Controllers/Cron.php(1049): CodeIgniter\Debug\Exceptions->errorHandler(2, 'Invalid argumen...', '/home/merk2228/...', 1049, Array)
#1 /home/merk2228/public_html/system/CodeIgniter.php(802): App\Controllers\Cron->providers()
#2 /home/merk2228/public_html/system/CodeIgniter.php(399): CodeIgniter\CodeIgniter->runController(Object(App\Controllers\Cron))
#3 /home/merk2228/public_html/system/CodeIgniter.php(317): CodeIgniter\CodeIgniter->handleRequest(NULL, Object(Config\Cache), false)
#4 /home/merk2228/public_html/index.php(0): CodeIgniter\CodeIgniter->run()
#5 {main}
CRITICAL - 2026-03-23 08:00:02 --> Invalid argument supplied for foreach()
#0 /home/merk2228/public_html/app/Controllers/Cron.php(1049): CodeIgniter\Debug\Exceptions->errorHandler(2, 'Invalid argumen...', '/home/merk2228/...', 1049, Array)
#1 /home/merk2228/public_html/system/CodeIgniter.php(802): App\Controllers\Cron->providers()
#2 /home/merk2228/public_html/system/CodeIgniter.php(399): CodeIgniter\CodeIgniter->runController(Object(App\Controllers\Cron))
#3 /home/merk2228/public_html/system/CodeIgniter.php(317): CodeIgniter\CodeIgniter->handleRequest(NULL, Object(Config\Cache), false)
#4 /home/merk2228/public_html/index.php(0): CodeIgniter\CodeIgniter->run()
#5 {main}
CRITICAL - 2026-03-23 08:53:02 --> Invalid argument supplied for foreach()
#0 /home/merk2228/public_html/app/Controllers/Cron.php(1049): CodeIgniter\Debug\Exceptions->errorHandler(2, 'Invalid argumen...', '/home/merk2228/...', 1049, Array)
#1 /home/merk2228/public_html/system/CodeIgniter.php(802): App\Controllers\Cron->providers()
#2 /home/merk2228/public_html/system/CodeIgniter.php(399): CodeIgniter\CodeIgniter->runController(Object(App\Controllers\Cron))
#3 /home/merk2228/public_html/system/CodeIgniter.php(317): CodeIgniter\CodeIgniter->handleRequest(NULL, Object(Config\Cache), false)
#4 /home/merk2228/public_html/index.php(0): CodeIgniter\CodeIgniter->run()
#5 {main}
CRITICAL - 2026-03-23 09:00:02 --> Invalid argument supplied for foreach()
#0 /home/merk2228/public_html/app/Controllers/Cron.php(1049): CodeIgniter\Debug\Exceptions->errorHandler(2, 'Invalid argumen...', '/home/merk2228/...', 1049, Array)
#1 /home/merk2228/public_html/system/CodeIgniter.php(802): App\Controllers\Cron->providers()
#2 /home/merk2228/public_html/system/CodeIgniter.php(399): CodeIgniter\CodeIgniter->runController(Object(App\Controllers\Cron))
#3 /home/merk2228/public_html/system/CodeIgniter.php(317): CodeIgniter\CodeIgniter->handleRequest(NULL, Object(Config\Cache), false)
#4 /home/merk2228/public_html/index.php(0): CodeIgniter\CodeIgniter->run()
#5 {main}
CRITICAL - 2026-03-23 09:53:01 --> Invalid argument supplied for foreach()
#0 /home/merk2228/public_html/app/Controllers/Cron.php(1049): CodeIgniter\Debug\Exceptions->errorHandler(2, 'Invalid argumen...', '/home/merk2228/...', 1049, Array)
#1 /home/merk2228/public_html/system/CodeIgniter.php(802): App\Controllers\Cron->providers()
#2 /home/merk2228/public_html/system/CodeIgniter.php(399): CodeIgniter\CodeIgniter->runController(Object(App\Controllers\Cron))
#3 /home/merk2228/public_html/system/CodeIgniter.php(317): CodeIgniter\CodeIgniter->handleRequest(NULL, Object(Config\Cache), false)
#4 /home/merk2228/public_html/index.php(0): CodeIgniter\CodeIgniter->run()
#5 {main}
CRITICAL - 2026-03-23 10:00:02 --> Invalid argument supplied for foreach()
#0 /home/merk2228/public_html/app/Controllers/Cron.php(1049): CodeIgniter\Debug\Exceptions->errorHandler(2, 'Invalid argumen...', '/home/merk2228/...', 1049, Array)
#1 /home/merk2228/public_html/system/CodeIgniter.php(802): App\Controllers\Cron->providers()
#2 /home/merk2228/public_html/system/CodeIgniter.php(399): CodeIgniter\CodeIgniter->runController(Object(App\Controllers\Cron))
#3 /home/merk2228/public_html/system/CodeIgniter.php(317): CodeIgniter\CodeIgniter->handleRequest(NULL, Object(Config\Cache), false)
#4 /home/merk2228/public_html/index.php(0): CodeIgniter\CodeIgniter->run()
#5 {main}
CRITICAL - 2026-03-23 10:53:01 --> Invalid argument supplied for foreach()
#0 /home/merk2228/public_html/app/Controllers/Cron.php(1049): CodeIgniter\Debug\Exceptions->errorHandler(2, 'Invalid argumen...', '/home/merk2228/...', 1049, Array)
#1 /home/merk2228/public_html/system/CodeIgniter.php(802): App\Controllers\Cron->providers()
#2 /home/merk2228/public_html/system/CodeIgniter.php(399): CodeIgniter\CodeIgniter->runController(Object(App\Controllers\Cron))
#3 /home/merk2228/public_html/system/CodeIgniter.php(317): CodeIgniter\CodeIgniter->handleRequest(NULL, Object(Config\Cache), false)
#4 /home/merk2228/public_html/index.php(0): CodeIgniter\CodeIgniter->run()
#5 {main}
CRITICAL - 2026-03-23 11:00:03 --> Invalid argument supplied for foreach()
#0 /home/merk2228/public_html/app/Controllers/Cron.php(1049): CodeIgniter\Debug\Exceptions->errorHandler(2, 'Invalid argumen...', '/home/merk2228/...', 1049, Array)
#1 /home/merk2228/public_html/system/CodeIgniter.php(802): App\Controllers\Cron->providers()
#2 /home/merk2228/public_html/system/CodeIgniter.php(399): CodeIgniter\CodeIgniter->runController(Object(App\Controllers\Cron))
#3 /home/merk2228/public_html/system/CodeIgniter.php(317): CodeIgniter\CodeIgniter->handleRequest(NULL, Object(Config\Cache), false)
#4 /home/merk2228/public_html/index.php(0): CodeIgniter\CodeIgniter->run()
#5 {main}
CRITICAL - 2026-03-23 11:53:01 --> Invalid argument supplied for foreach()
#0 /home/merk2228/public_html/app/Controllers/Cron.php(1049): CodeIgniter\Debug\Exceptions->errorHandler(2, 'Invalid argumen...', '/home/merk2228/...', 1049, Array)
#1 /home/merk2228/public_html/system/CodeIgniter.php(802): App\Controllers\Cron->providers()
#2 /home/merk2228/public_html/system/CodeIgniter.php(399): CodeIgniter\CodeIgniter->runController(Object(App\Controllers\Cron))
#3 /home/merk2228/public_html/system/CodeIgniter.php(317): CodeIgniter\CodeIgniter->handleRequest(NULL, Object(Config\Cache), false)
#4 /home/merk2228/public_html/index.php(0): CodeIgniter\CodeIgniter->run()
#5 {main}
CRITICAL - 2026-03-23 12:00:02 --> Invalid argument supplied for foreach()
#0 /home/merk2228/public_html/app/Controllers/Cron.php(1049): CodeIgniter\Debug\Exceptions->errorHandler(2, 'Invalid argumen...', '/home/merk2228/...', 1049, Array)
#1 /home/merk2228/public_html/system/CodeIgniter.php(802): App\Controllers\Cron->providers()
#2 /home/merk2228/public_html/system/CodeIgniter.php(399): CodeIgniter\CodeIgniter->runController(Object(App\Controllers\Cron))
#3 /home/merk2228/public_html/system/CodeIgniter.php(317): CodeIgniter\CodeIgniter->handleRequest(NULL, Object(Config\Cache), false)
#4 /home/merk2228/public_html/index.php(0): CodeIgniter\CodeIgniter->run()
#5 {main}
CRITICAL - 2026-03-23 12:53:02 --> Invalid argument supplied for foreach()
#0 /home/merk2228/public_html/app/Controllers/Cron.php(1049): CodeIgniter\Debug\Exceptions->errorHandler(2, 'Invalid argumen...', '/home/merk2228/...', 1049, Array)
#1 /home/merk2228/public_html/system/CodeIgniter.php(802): App\Controllers\Cron->providers()
#2 /home/merk2228/public_html/system/CodeIgniter.php(399): CodeIgniter\CodeIgniter->runController(Object(App\Controllers\Cron))
#3 /home/merk2228/public_html/system/CodeIgniter.php(317): CodeIgniter\CodeIgniter->handleRequest(NULL, Object(Config\Cache), false)
#4 /home/merk2228/public_html/index.php(0): CodeIgniter\CodeIgniter->run()
#5 {main}
CRITICAL - 2026-03-23 13:00:02 --> Invalid argument supplied for foreach()
#0 /home/merk2228/public_html/app/Controllers/Cron.php(1049): CodeIgniter\Debug\Exceptions->errorHandler(2, 'Invalid argumen...', '/home/merk2228/...', 1049, Array)
#1 /home/merk2228/public_html/system/CodeIgniter.php(802): App\Controllers\Cron->providers()
#2 /home/merk2228/public_html/system/CodeIgniter.php(399): CodeIgniter\CodeIgniter->runController(Object(App\Controllers\Cron))
#3 /home/merk2228/public_html/system/CodeIgniter.php(317): CodeIgniter\CodeIgniter->handleRequest(NULL, Object(Config\Cache), false)
#4 /home/merk2228/public_html/index.php(0): CodeIgniter\CodeIgniter->run()
#5 {main}
CRITICAL - 2026-03-23 13:53:01 --> Invalid argument supplied for foreach()
#0 /home/merk2228/public_html/app/Controllers/Cron.php(1049): CodeIgniter\Debug\Exceptions->errorHandler(2, 'Invalid argumen...', '/home/merk2228/...', 1049, Array)
#1 /home/merk2228/public_html/system/CodeIgniter.php(802): App\Controllers\Cron->providers()
#2 /home/merk2228/public_html/system/CodeIgniter.php(399): CodeIgniter\CodeIgniter->runController(Object(App\Controllers\Cron))
#3 /home/merk2228/public_html/system/CodeIgniter.php(317): CodeIgniter\CodeIgniter->handleRequest(NULL, Object(Config\Cache), false)
#4 /home/merk2228/public_html/index.php(0): CodeIgniter\CodeIgniter->run()
#5 {main}
CRITICAL - 2026-03-23 14:00:02 --> Invalid argument supplied for foreach()
#0 /home/merk2228/public_html/app/Controllers/Cron.php(1049): CodeIgniter\Debug\Exceptions->errorHandler(2, 'Invalid argumen...', '/home/merk2228/...', 1049, Array)
#1 /home/merk2228/public_html/system/CodeIgniter.php(802): App\Controllers\Cron->providers()
#2 /home/merk2228/public_html/system/CodeIgniter.php(399): CodeIgniter\CodeIgniter->runController(Object(App\Controllers\Cron))
#3 /home/merk2228/public_html/system/CodeIgniter.php(317): CodeIgniter\CodeIgniter->handleRequest(NULL, Object(Config\Cache), false)
#4 /home/merk2228/public_html/index.php(0): CodeIgniter\CodeIgniter->run()
#5 {main}
CRITICAL - 2026-03-23 14:53:01 --> Invalid argument supplied for foreach()
#0 /home/merk2228/public_html/app/Controllers/Cron.php(1049): CodeIgniter\Debug\Exceptions->errorHandler(2, 'Invalid argumen...', '/home/merk2228/...', 1049, Array)
#1 /home/merk2228/public_html/system/CodeIgniter.php(802): App\Controllers\Cron->providers()
#2 /home/merk2228/public_html/system/CodeIgniter.php(399): CodeIgniter\CodeIgniter->runController(Object(App\Controllers\Cron))
#3 /home/merk2228/public_html/system/CodeIgniter.php(317): CodeIgniter\CodeIgniter->handleRequest(NULL, Object(Config\Cache), false)
#4 /home/merk2228/public_html/index.php(0): CodeIgniter\CodeIgniter->run()
#5 {main}
CRITICAL - 2026-03-23 15:00:02 --> Invalid argument supplied for foreach()
#0 /home/merk2228/public_html/app/Controllers/Cron.php(1049): CodeIgniter\Debug\Exceptions->errorHandler(2, 'Invalid argumen...', '/home/merk2228/...', 1049, Array)
#1 /home/merk2228/public_html/system/CodeIgniter.php(802): App\Controllers\Cron->providers()
#2 /home/merk2228/public_html/system/CodeIgniter.php(399): CodeIgniter\CodeIgniter->runController(Object(App\Controllers\Cron))
#3 /home/merk2228/public_html/system/CodeIgniter.php(317): CodeIgniter\CodeIgniter->handleRequest(NULL, Object(Config\Cache), false)
#4 /home/merk2228/public_html/index.php(0): CodeIgniter\CodeIgniter->run()
#5 {main}
CRITICAL - 2026-03-23 15:53:01 --> Invalid argument supplied for foreach()
#0 /home/merk2228/public_html/app/Controllers/Cron.php(1049): CodeIgniter\Debug\Exceptions->errorHandler(2, 'Invalid argumen...', '/home/merk2228/...', 1049, Array)
#1 /home/merk2228/public_html/system/CodeIgniter.php(802): App\Controllers\Cron->providers()
#2 /home/merk2228/public_html/system/CodeIgniter.php(399): CodeIgniter\CodeIgniter->runController(Object(App\Controllers\Cron))
#3 /home/merk2228/public_html/system/CodeIgniter.php(317): CodeIgniter\CodeIgniter->handleRequest(NULL, Object(Config\Cache), false)
#4 /home/merk2228/public_html/index.php(0): CodeIgniter\CodeIgniter->run()
#5 {main}
CRITICAL - 2026-03-23 16:00:02 --> Invalid argument supplied for foreach()
#0 /home/merk2228/public_html/app/Controllers/Cron.php(1049): CodeIgniter\Debug\Exceptions->errorHandler(2, 'Invalid argumen...', '/home/merk2228/...', 1049, Array)
#1 /home/merk2228/public_html/system/CodeIgniter.php(802): App\Controllers\Cron->providers()
#2 /home/merk2228/public_html/system/CodeIgniter.php(399): CodeIgniter\CodeIgniter->runController(Object(App\Controllers\Cron))
#3 /home/merk2228/public_html/system/CodeIgniter.php(317): CodeIgniter\CodeIgniter->handleRequest(NULL, Object(Config\Cache), false)
#4 /home/merk2228/public_html/index.php(0): CodeIgniter\CodeIgniter->run()
#5 {main}
CRITICAL - 2026-03-23 16:53:01 --> Invalid argument supplied for foreach()
#0 /home/merk2228/public_html/app/Controllers/Cron.php(1049): CodeIgniter\Debug\Exceptions->errorHandler(2, 'Invalid argumen...', '/home/merk2228/...', 1049, Array)
#1 /home/merk2228/public_html/system/CodeIgniter.php(802): App\Controllers\Cron->providers()
#2 /home/merk2228/public_html/system/CodeIgniter.php(399): CodeIgniter\CodeIgniter->runController(Object(App\Controllers\Cron))
#3 /home/merk2228/public_html/system/CodeIgniter.php(317): CodeIgniter\CodeIgniter->handleRequest(NULL, Object(Config\Cache), false)
#4 /home/merk2228/public_html/index.php(0): CodeIgniter\CodeIgniter->run()
#5 {main}
CRITICAL - 2026-03-23 17:00:02 --> Invalid argument supplied for foreach()
#0 /home/merk2228/public_html/app/Controllers/Cron.php(1049): CodeIgniter\Debug\Exceptions->errorHandler(2, 'Invalid argumen...', '/home/merk2228/...', 1049, Array)
#1 /home/merk2228/public_html/system/CodeIgniter.php(802): App\Controllers\Cron->providers()
#2 /home/merk2228/public_html/system/CodeIgniter.php(399): CodeIgniter\CodeIgniter->runController(Object(App\Controllers\Cron))
#3 /home/merk2228/public_html/system/CodeIgniter.php(317): CodeIgniter\CodeIgniter->handleRequest(NULL, Object(Config\Cache), false)
#4 /home/merk2228/public_html/index.php(0): CodeIgniter\CodeIgniter->run()
#5 {main}
CRITICAL - 2026-03-23 17:53:01 --> Invalid argument supplied for foreach()
#0 /home/merk2228/public_html/app/Controllers/Cron.php(1049): CodeIgniter\Debug\Exceptions->errorHandler(2, 'Invalid argumen...', '/home/merk2228/...', 1049, Array)
#1 /home/merk2228/public_html/system/CodeIgniter.php(802): App\Controllers\Cron->providers()
#2 /home/merk2228/public_html/system/CodeIgniter.php(399): CodeIgniter\CodeIgniter->runController(Object(App\Controllers\Cron))
#3 /home/merk2228/public_html/system/CodeIgniter.php(317): CodeIgniter\CodeIgniter->handleRequest(NULL, Object(Config\Cache), false)
#4 /home/merk2228/public_html/index.php(0): CodeIgniter\CodeIgniter->run()
#5 {main}
CRITICAL - 2026-03-23 18:00:02 --> Invalid argument supplied for foreach()
#0 /home/merk2228/public_html/app/Controllers/Cron.php(1049): CodeIgniter\Debug\Exceptions->errorHandler(2, 'Invalid argumen...', '/home/merk2228/...', 1049, Array)
#1 /home/merk2228/public_html/system/CodeIgniter.php(802): App\Controllers\Cron->providers()
#2 /home/merk2228/public_html/system/CodeIgniter.php(399): CodeIgniter\CodeIgniter->runController(Object(App\Controllers\Cron))
#3 /home/merk2228/public_html/system/CodeIgniter.php(317): CodeIgniter\CodeIgniter->handleRequest(NULL, Object(Config\Cache), false)
#4 /home/merk2228/public_html/index.php(0): CodeIgniter\CodeIgniter->run()
#5 {main}
CRITICAL - 2026-03-23 18:53:01 --> Invalid argument supplied for foreach()
#0 /home/merk2228/public_html/app/Controllers/Cron.php(1049): CodeIgniter\Debug\Exceptions->errorHandler(2, 'Invalid argumen...', '/home/merk2228/...', 1049, Array)
#1 /home/merk2228/public_html/system/CodeIgniter.php(802): App\Controllers\Cron->providers()
#2 /home/merk2228/public_html/system/CodeIgniter.php(399): CodeIgniter\CodeIgniter->runController(Object(App\Controllers\Cron))
#3 /home/merk2228/public_html/system/CodeIgniter.php(317): CodeIgniter\CodeIgniter->handleRequest(NULL, Object(Config\Cache), false)
#4 /home/merk2228/public_html/index.php(0): CodeIgniter\CodeIgniter->run()
#5 {main}
CRITICAL - 2026-03-23 19:00:02 --> Invalid argument supplied for foreach()
#0 /home/merk2228/public_html/app/Controllers/Cron.php(1049): CodeIgniter\Debug\Exceptions->errorHandler(2, 'Invalid argumen...', '/home/merk2228/...', 1049, Array)
#1 /home/merk2228/public_html/system/CodeIgniter.php(802): App\Controllers\Cron->providers()
#2 /home/merk2228/public_html/system/CodeIgniter.php(399): CodeIgniter\CodeIgniter->runController(Object(App\Controllers\Cron))
#3 /home/merk2228/public_html/system/CodeIgniter.php(317): CodeIgniter\CodeIgniter->handleRequest(NULL, Object(Config\Cache), false)
#4 /home/merk2228/public_html/index.php(0): CodeIgniter\CodeIgniter->run()
#5 {main}
CRITICAL - 2026-03-23 19:53:01 --> Invalid argument supplied for foreach()
#0 /home/merk2228/public_html/app/Controllers/Cron.php(1049): CodeIgniter\Debug\Exceptions->errorHandler(2, 'Invalid argumen...', '/home/merk2228/...', 1049, Array)
#1 /home/merk2228/public_html/system/CodeIgniter.php(802): App\Controllers\Cron->providers()
#2 /home/merk2228/public_html/system/CodeIgniter.php(399): CodeIgniter\CodeIgniter->runController(Object(App\Controllers\Cron))
#3 /home/merk2228/public_html/system/CodeIgniter.php(317): CodeIgniter\CodeIgniter->handleRequest(NULL, Object(Config\Cache), false)
#4 /home/merk2228/public_html/index.php(0): CodeIgniter\CodeIgniter->run()
#5 {main}
CRITICAL - 2026-03-23 20:00:02 --> Invalid argument supplied for foreach()
#0 /home/merk2228/public_html/app/Controllers/Cron.php(1049): CodeIgniter\Debug\Exceptions->errorHandler(2, 'Invalid argumen...', '/home/merk2228/...', 1049, Array)
#1 /home/merk2228/public_html/system/CodeIgniter.php(802): App\Controllers\Cron->providers()
#2 /home/merk2228/public_html/system/CodeIgniter.php(399): CodeIgniter\CodeIgniter->runController(Object(App\Controllers\Cron))
#3 /home/merk2228/public_html/system/CodeIgniter.php(317): CodeIgniter\CodeIgniter->handleRequest(NULL, Object(Config\Cache), false)
#4 /home/merk2228/public_html/index.php(0): CodeIgniter\CodeIgniter->run()
#5 {main}
CRITICAL - 2026-03-23 20:53:01 --> Invalid argument supplied for foreach()
#0 /home/merk2228/public_html/app/Controllers/Cron.php(1049): CodeIgniter\Debug\Exceptions->errorHandler(2, 'Invalid argumen...', '/home/merk2228/...', 1049, Array)
#1 /home/merk2228/public_html/system/CodeIgniter.php(802): App\Controllers\Cron->providers()
#2 /home/merk2228/public_html/system/CodeIgniter.php(399): CodeIgniter\CodeIgniter->runController(Object(App\Controllers\Cron))
#3 /home/merk2228/public_html/system/CodeIgniter.php(317): CodeIgniter\CodeIgniter->handleRequest(NULL, Object(Config\Cache), false)
#4 /home/merk2228/public_html/index.php(0): CodeIgniter\CodeIgniter->run()
#5 {main}
CRITICAL - 2026-03-23 21:00:02 --> Invalid argument supplied for foreach()
#0 /home/merk2228/public_html/app/Controllers/Cron.php(1049): CodeIgniter\Debug\Exceptions->errorHandler(2, 'Invalid argumen...', '/home/merk2228/...', 1049, Array)
#1 /home/merk2228/public_html/system/CodeIgniter.php(802): App\Controllers\Cron->providers()
#2 /home/merk2228/public_html/system/CodeIgniter.php(399): CodeIgniter\CodeIgniter->runController(Object(App\Controllers\Cron))
#3 /home/merk2228/public_html/system/CodeIgniter.php(317): CodeIgniter\CodeIgniter->handleRequest(NULL, Object(Config\Cache), false)
#4 /home/merk2228/public_html/index.php(0): CodeIgniter\CodeIgniter->run()
#5 {main}
CRITICAL - 2026-03-23 21:53:02 --> Invalid argument supplied for foreach()
#0 /home/merk2228/public_html/app/Controllers/Cron.php(1049): CodeIgniter\Debug\Exceptions->errorHandler(2, 'Invalid argumen...', '/home/merk2228/...', 1049, Array)
#1 /home/merk2228/public_html/system/CodeIgniter.php(802): App\Controllers\Cron->providers()
#2 /home/merk2228/public_html/system/CodeIgniter.php(399): CodeIgniter\CodeIgniter->runController(Object(App\Controllers\Cron))
#3 /home/merk2228/public_html/system/CodeIgniter.php(317): CodeIgniter\CodeIgniter->handleRequest(NULL, Object(Config\Cache), false)
#4 /home/merk2228/public_html/index.php(0): CodeIgniter\CodeIgniter->run()
#5 {main}
CRITICAL - 2026-03-23 22:00:03 --> Invalid argument supplied for foreach()
#0 /home/merk2228/public_html/app/Controllers/Cron.php(1049): CodeIgniter\Debug\Exceptions->errorHandler(2, 'Invalid argumen...', '/home/merk2228/...', 1049, Array)
#1 /home/merk2228/public_html/system/CodeIgniter.php(802): App\Controllers\Cron->providers()
#2 /home/merk2228/public_html/system/CodeIgniter.php(399): CodeIgniter\CodeIgniter->runController(Object(App\Controllers\Cron))
#3 /home/merk2228/public_html/system/CodeIgniter.php(317): CodeIgniter\CodeIgniter->handleRequest(NULL, Object(Config\Cache), false)
#4 /home/merk2228/public_html/index.php(0): CodeIgniter\CodeIgniter->run()
#5 {main}
CRITICAL - 2026-03-23 22:53:02 --> Invalid argument supplied for foreach()
#0 /home/merk2228/public_html/app/Controllers/Cron.php(1049): CodeIgniter\Debug\Exceptions->errorHandler(2, 'Invalid argumen...', '/home/merk2228/...', 1049, Array)
#1 /home/merk2228/public_html/system/CodeIgniter.php(802): App\Controllers\Cron->providers()
#2 /home/merk2228/public_html/system/CodeIgniter.php(399): CodeIgniter\CodeIgniter->runController(Object(App\Controllers\Cron))
#3 /home/merk2228/public_html/system/CodeIgniter.php(317): CodeIgniter\CodeIgniter->handleRequest(NULL, Object(Config\Cache), false)
#4 /home/merk2228/public_html/index.php(0): CodeIgniter\CodeIgniter->run()
#5 {main}
CRITICAL - 2026-03-23 23:00:02 --> Invalid argument supplied for foreach()
#0 /home/merk2228/public_html/app/Controllers/Cron.php(1049): CodeIgniter\Debug\Exceptions->errorHandler(2, 'Invalid argumen...', '/home/merk2228/...', 1049, Array)
#1 /home/merk2228/public_html/system/CodeIgniter.php(802): App\Controllers\Cron->providers()
#2 /home/merk2228/public_html/system/CodeIgniter.php(399): CodeIgniter\CodeIgniter->runController(Object(App\Controllers\Cron))
#3 /home/merk2228/public_html/system/CodeIgniter.php(317): CodeIgniter\CodeIgniter->handleRequest(NULL, Object(Config\Cache), false)
#4 /home/merk2228/public_html/index.php(0): CodeIgniter\CodeIgniter->run()
#5 {main}
CRITICAL - 2026-03-23 23:53:01 --> Invalid argument supplied for foreach()
#0 /home/merk2228/public_html/app/Controllers/Cron.php(1049): CodeIgniter\Debug\Exceptions->errorHandler(2, 'Invalid argumen...', '/home/merk2228/...', 1049, Array)
#1 /home/merk2228/public_html/system/CodeIgniter.php(802): App\Controllers\Cron->providers()
#2 /home/merk2228/public_html/system/CodeIgniter.php(399): CodeIgniter\CodeIgniter->runController(Object(App\Controllers\Cron))
#3 /home/merk2228/public_html/system/CodeIgniter.php(317): CodeIgniter\CodeIgniter->handleRequest(NULL, Object(Config\Cache), false)
#4 /home/merk2228/public_html/index.php(0): CodeIgniter\CodeIgniter->run()
#5 {main}
