CRITICAL - 2026-04-20 11:00:07 --> Call to a member function protect() on null
#0 /home/merk2228/public_html/system/CodeIgniter.php(802): App\Controllers\Cron->providers()
#1 /home/merk2228/public_html/system/CodeIgniter.php(399): CodeIgniter\CodeIgniter->runController(Object(App\Controllers\Cron))
#2 /home/merk2228/public_html/system/CodeIgniter.php(317): CodeIgniter\CodeIgniter->handleRequest(NULL, Object(Config\Cache), false)
#3 /home/merk2228/public_html/index.php(0): CodeIgniter\CodeIgniter->run()
#4 {main}
CRITICAL - 2026-04-20 12:53:04 --> Call to a member function protect() on null
#0 /home/merk2228/public_html/system/CodeIgniter.php(802): App\Controllers\Cron->providers()
#1 /home/merk2228/public_html/system/CodeIgniter.php(399): CodeIgniter\CodeIgniter->runController(Object(App\Controllers\Cron))
#2 /home/merk2228/public_html/system/CodeIgniter.php(317): CodeIgniter\CodeIgniter->handleRequest(NULL, Object(Config\Cache), false)
#3 /home/merk2228/public_html/index.php(0): CodeIgniter\CodeIgniter->run()
#4 {main}
CRITICAL - 2026-04-20 13:00:07 --> Call to a member function protect() on null
#0 /home/merk2228/public_html/system/CodeIgniter.php(802): App\Controllers\Cron->providers()
#1 /home/merk2228/public_html/system/CodeIgniter.php(399): CodeIgniter\CodeIgniter->runController(Object(App\Controllers\Cron))
#2 /home/merk2228/public_html/system/CodeIgniter.php(317): CodeIgniter\CodeIgniter->handleRequest(NULL, Object(Config\Cache), false)
#3 /home/merk2228/public_html/index.php(0): CodeIgniter\CodeIgniter->run()
#4 {main}
CRITICAL - 2026-04-20 14:53:04 --> Call to a member function protect() on null
#0 /home/merk2228/public_html/system/CodeIgniter.php(802): App\Controllers\Cron->providers()
#1 /home/merk2228/public_html/system/CodeIgniter.php(399): CodeIgniter\CodeIgniter->runController(Object(App\Controllers\Cron))
#2 /home/merk2228/public_html/system/CodeIgniter.php(317): CodeIgniter\CodeIgniter->handleRequest(NULL, Object(Config\Cache), false)
#3 /home/merk2228/public_html/index.php(0): CodeIgniter\CodeIgniter->run()
#4 {main}
CRITICAL - 2026-04-20 15:00:08 --> Call to a member function protect() on null
#0 /home/merk2228/public_html/system/CodeIgniter.php(802): App\Controllers\Cron->providers()
#1 /home/merk2228/public_html/system/CodeIgniter.php(399): CodeIgniter\CodeIgniter->runController(Object(App\Controllers\Cron))
#2 /home/merk2228/public_html/system/CodeIgniter.php(317): CodeIgniter\CodeIgniter->handleRequest(NULL, Object(Config\Cache), false)
#3 /home/merk2228/public_html/index.php(0): CodeIgniter\CodeIgniter->run()
#4 {main}
CRITICAL - 2026-04-20 16:53:03 --> Call to a member function protect() on null
#0 /home/merk2228/public_html/system/CodeIgniter.php(802): App\Controllers\Cron->providers()
#1 /home/merk2228/public_html/system/CodeIgniter.php(399): CodeIgniter\CodeIgniter->runController(Object(App\Controllers\Cron))
#2 /home/merk2228/public_html/system/CodeIgniter.php(317): CodeIgniter\CodeIgniter->handleRequest(NULL, Object(Config\Cache), false)
#3 /home/merk2228/public_html/index.php(0): CodeIgniter\CodeIgniter->run()
#4 {main}
CRITICAL - 2026-04-20 17:00:08 --> Call to a member function protect() on null
#0 /home/merk2228/public_html/system/CodeIgniter.php(802): App\Controllers\Cron->providers()
#1 /home/merk2228/public_html/system/CodeIgniter.php(399): CodeIgniter\CodeIgniter->runController(Object(App\Controllers\Cron))
#2 /home/merk2228/public_html/system/CodeIgniter.php(317): CodeIgniter\CodeIgniter->handleRequest(NULL, Object(Config\Cache), false)
#3 /home/merk2228/public_html/index.php(0): CodeIgniter\CodeIgniter->run()
#4 {main}
CRITICAL - 2026-04-20 17:53:04 --> Call to a member function protect() on null
#0 /home/merk2228/public_html/system/CodeIgniter.php(802): App\Controllers\Cron->providers()
#1 /home/merk2228/public_html/system/CodeIgniter.php(399): CodeIgniter\CodeIgniter->runController(Object(App\Controllers\Cron))
#2 /home/merk2228/public_html/system/CodeIgniter.php(317): CodeIgniter\CodeIgniter->handleRequest(NULL, Object(Config\Cache), false)
#3 /home/merk2228/public_html/index.php(0): CodeIgniter\CodeIgniter->run()
#4 {main}
CRITICAL - 2026-04-20 18:00:11 --> Call to a member function protect() on null
#0 /home/merk2228/public_html/system/CodeIgniter.php(802): App\Controllers\Cron->providers()
#1 /home/merk2228/public_html/system/CodeIgniter.php(399): CodeIgniter\CodeIgniter->runController(Object(App\Controllers\Cron))
#2 /home/merk2228/public_html/system/CodeIgniter.php(317): CodeIgniter\CodeIgniter->handleRequest(NULL, Object(Config\Cache), false)
#3 /home/merk2228/public_html/index.php(0): CodeIgniter\CodeIgniter->run()
#4 {main}
CRITICAL - 2026-04-20 18:53:04 --> Call to a member function protect() on null
#0 /home/merk2228/public_html/system/CodeIgniter.php(802): App\Controllers\Cron->providers()
#1 /home/merk2228/public_html/system/CodeIgniter.php(399): CodeIgniter\CodeIgniter->runController(Object(App\Controllers\Cron))
#2 /home/merk2228/public_html/system/CodeIgniter.php(317): CodeIgniter\CodeIgniter->handleRequest(NULL, Object(Config\Cache), false)
#3 /home/merk2228/public_html/index.php(0): CodeIgniter\CodeIgniter->run()
#4 {main}
CRITICAL - 2026-04-20 19:00:06 --> Call to a member function protect() on null
#0 /home/merk2228/public_html/system/CodeIgniter.php(802): App\Controllers\Cron->providers()
#1 /home/merk2228/public_html/system/CodeIgniter.php(399): CodeIgniter\CodeIgniter->runController(Object(App\Controllers\Cron))
#2 /home/merk2228/public_html/system/CodeIgniter.php(317): CodeIgniter\CodeIgniter->handleRequest(NULL, Object(Config\Cache), false)
#3 /home/merk2228/public_html/index.php(0): CodeIgniter\CodeIgniter->run()
#4 {main}
CRITICAL - 2026-04-20 19:53:04 --> Call to a member function protect() on null
#0 /home/merk2228/public_html/system/CodeIgniter.php(802): App\Controllers\Cron->providers()
#1 /home/merk2228/public_html/system/CodeIgniter.php(399): CodeIgniter\CodeIgniter->runController(Object(App\Controllers\Cron))
#2 /home/merk2228/public_html/system/CodeIgniter.php(317): CodeIgniter\CodeIgniter->handleRequest(NULL, Object(Config\Cache), false)
#3 /home/merk2228/public_html/index.php(0): CodeIgniter\CodeIgniter->run()
#4 {main}
CRITICAL - 2026-04-20 20:00:09 --> Call to a member function protect() on null
#0 /home/merk2228/public_html/system/CodeIgniter.php(802): App\Controllers\Cron->providers()
#1 /home/merk2228/public_html/system/CodeIgniter.php(399): CodeIgniter\CodeIgniter->runController(Object(App\Controllers\Cron))
#2 /home/merk2228/public_html/system/CodeIgniter.php(317): CodeIgniter\CodeIgniter->handleRequest(NULL, Object(Config\Cache), false)
#3 /home/merk2228/public_html/index.php(0): CodeIgniter\CodeIgniter->run()
#4 {main}
